SQL> 
SQL> REM CHARACTER MANIPULATION FUNCTIONS : CONCAT LPAD RPAD LTRIM RTRIM TRIM LENGTH TRANSLATE REPLACE SUBSTR INSTR
SQL> 
SQL> REM CONCAT : TO JOIN/CLUB TWO ITEMS, OF ANY DATA TYPE (CHARACTER , DATE , NUMBER)
SQL> 
SQL> SET LINES 200 PAGES 24
SQL> 
SQL> SELECT FIRST_NAME , LAST_NAME FROM EMPLOYEES;

FIRST_NAME      LAST_NAME                                                                                                                                                                               
--------------- ---------------                                                                                                                                                                         
Steven          King                                                                                                                                                                                    
Neena           Kochhar                                                                                                                                                                                 
Lex             De Haan                                                                                                                                                                                 
Alexander       Hunold                                                                                                                                                                                  
Bruce           Ernst                                                                                                                                                                                   
Diana           Lorentz                                                                                                                                                                                 
Kevin           Mourgos                                                                                                                                                                                 
Trenna          Rajs                                                                                                                                                                                    
Curtis          Davies                                                                                                                                                                                  
Randall         Matos                                                                                                                                                                                   
Peter           Vargas                                                                                                                                                                                  
Eleni           Zlotkey                                                                                                                                                                                 
Ellen           Abel                                                                                                                                                                                    
Jonathon        Taylor                                                                                                                                                                                  
Kimerely        Grant                                                                                                                                                                                   
Jennifer        Whalen                                                                                                                                                                                  
Michael         Hartstein                                                                                                                                                                               
Pat             Fay                                                                                                                                                                                     
Shelley         Higgins                                                                                                                                                                                 
William         Gietz                                                                                                                                                                                   

20 rows selected.

SQL> SELECT FIRST_NAME || LAST_NAME FROM EMPLOYEES;

FIRST_NAME||LAST_NAME                                                                                                                                                                                   
------------------------------                                                                                                                                                                          
StevenKing                                                                                                                                                                                              
NeenaKochhar                                                                                                                                                                                            
LexDe Haan                                                                                                                                                                                              
AlexanderHunold                                                                                                                                                                                         
BruceErnst                                                                                                                                                                                              
DianaLorentz                                                                                                                                                                                            
KevinMourgos                                                                                                                                                                                            
TrennaRajs                                                                                                                                                                                              
CurtisDavies                                                                                                                                                                                            
RandallMatos                                                                                                                                                                                            
PeterVargas                                                                                                                                                                                             
EleniZlotkey                                                                                                                                                                                            
EllenAbel                                                                                                                                                                                               
JonathonTaylor                                                                                                                                                                                          
KimerelyGrant                                                                                                                                                                                           
JenniferWhalen                                                                                                                                                                                          
MichaelHartstein                                                                                                                                                                                        
PatFay                                                                                                                                                                                                  
ShelleyHiggins                                                                                                                                                                                          
WilliamGietz                                                                                                                                                                                            

20 rows selected.

SQL> SELECT FIRST_NAME || LAST_NAME "FULL NAME" FROM EMPLOYEES;

FULL NAME                                                                                                                                                                                               
------------------------------                                                                                                                                                                          
StevenKing                                                                                                                                                                                              
NeenaKochhar                                                                                                                                                                                            
LexDe Haan                                                                                                                                                                                              
AlexanderHunold                                                                                                                                                                                         
BruceErnst                                                                                                                                                                                              
DianaLorentz                                                                                                                                                                                            
KevinMourgos                                                                                                                                                                                            
TrennaRajs                                                                                                                                                                                              
CurtisDavies                                                                                                                                                                                            
RandallMatos                                                                                                                                                                                            
PeterVargas                                                                                                                                                                                             
EleniZlotkey                                                                                                                                                                                            
EllenAbel                                                                                                                                                                                               
JonathonTaylor                                                                                                                                                                                          
KimerelyGrant                                                                                                                                                                                           
JenniferWhalen                                                                                                                                                                                          
MichaelHartstein                                                                                                                                                                                        
PatFay                                                                                                                                                                                                  
ShelleyHiggins                                                                                                                                                                                          
WilliamGietz                                                                                                                                                                                            

20 rows selected.

SQL> SELECT FIRST_NAME || LAST_NAME "FULL NAME" , HIRE_DATE || SALARY "JD AND SALARY" FROM EMPLOYEES;

FULL NAME                      JD AND SALARY                                                                                                                                                            
------------------------------ ----------------------------------------------------------                                                                                                               
StevenKing                     17-JUL-8724000                                                                                                                                                           
NeenaKochhar                   21-SEP-8917000                                                                                                                                                           
LexDe Haan                     13-JAN-9317000                                                                                                                                                           
AlexanderHunold                03-JAN-909000                                                                                                                                                            
BruceErnst                     21-MAY-916000                                                                                                                                                            
DianaLorentz                   07-FEB-994200                                                                                                                                                            
KevinMourgos                   16-NOV-995800                                                                                                                                                            
TrennaRajs                     17-OCT-953500                                                                                                                                                            
CurtisDavies                   29-JAN-973100                                                                                                                                                            
RandallMatos                   15-MAR-982600                                                                                                                                                            
PeterVargas                    09-JUL-982500                                                                                                                                                            
EleniZlotkey                   29-JAN-0010500                                                                                                                                                           
EllenAbel                      11-MAY-9611000                                                                                                                                                           
JonathonTaylor                 24-MAR-988600                                                                                                                                                            
KimerelyGrant                  24-MAY-997000                                                                                                                                                            
JenniferWhalen                 17-SEP-874400                                                                                                                                                            
MichaelHartstein               17-FEB-9613000                                                                                                                                                           
PatFay                         17-AUG-976000                                                                                                                                                            
ShelleyHiggins                 07-JUN-9412000                                                                                                                                                           
WilliamGietz                   07-JUN-948300                                                                                                                                                            

20 rows selected.

SQL> SELECT FIRST_NAME || LAST_NAME "FULL NAME" FROM EMPLOYEES;

FULL NAME                                                                                                                                                                                               
------------------------------                                                                                                                                                                          
StevenKing                                                                                                                                                                                              
NeenaKochhar                                                                                                                                                                                            
LexDe Haan                                                                                                                                                                                              
AlexanderHunold                                                                                                                                                                                         
BruceErnst                                                                                                                                                                                              
DianaLorentz                                                                                                                                                                                            
KevinMourgos                                                                                                                                                                                            
TrennaRajs                                                                                                                                                                                              
CurtisDavies                                                                                                                                                                                            
RandallMatos                                                                                                                                                                                            
PeterVargas                                                                                                                                                                                             
EleniZlotkey                                                                                                                                                                                            
EllenAbel                                                                                                                                                                                               
JonathonTaylor                                                                                                                                                                                          
KimerelyGrant                                                                                                                                                                                           
JenniferWhalen                                                                                                                                                                                          
MichaelHartstein                                                                                                                                                                                        
PatFay                                                                                                                                                                                                  
ShelleyHiggins                                                                                                                                                                                          
WilliamGietz                                                                                                                                                                                            

20 rows selected.

SQL> SELECT FIRST_NAME || ' ' || LAST_NAME "FULL NAME" FROM EMPLOYEES;

FULL NAME                                                                                                                                                                                               
-------------------------------                                                                                                                                                                         
Steven King                                                                                                                                                                                             
Neena Kochhar                                                                                                                                                                                           
Lex De Haan                                                                                                                                                                                             
Alexander Hunold                                                                                                                                                                                        
Bruce Ernst                                                                                                                                                                                             
Diana Lorentz                                                                                                                                                                                           
Kevin Mourgos                                                                                                                                                                                           
Trenna Rajs                                                                                                                                                                                             
Curtis Davies                                                                                                                                                                                           
Randall Matos                                                                                                                                                                                           
Peter Vargas                                                                                                                                                                                            
Eleni Zlotkey                                                                                                                                                                                           
Ellen Abel                                                                                                                                                                                              
Jonathon Taylor                                                                                                                                                                                         
Kimerely Grant                                                                                                                                                                                          
Jennifer Whalen                                                                                                                                                                                         
Michael Hartstein                                                                                                                                                                                       
Pat Fay                                                                                                                                                                                                 
Shelley Higgins                                                                                                                                                                                         
William Gietz                                                                                                                                                                                           

20 rows selected.

SQL> SELECT CONCAT(FIRST_NAME,LAST_NAME) "FULL NAME" FROM EMPLOYEES;

FULL NAME                                                                                                                                                                                               
------------------------------                                                                                                                                                                          
StevenKing                                                                                                                                                                                              
NeenaKochhar                                                                                                                                                                                            
LexDe Haan                                                                                                                                                                                              
AlexanderHunold                                                                                                                                                                                         
BruceErnst                                                                                                                                                                                              
DianaLorentz                                                                                                                                                                                            
KevinMourgos                                                                                                                                                                                            
TrennaRajs                                                                                                                                                                                              
CurtisDavies                                                                                                                                                                                            
RandallMatos                                                                                                                                                                                            
PeterVargas                                                                                                                                                                                             
EleniZlotkey                                                                                                                                                                                            
EllenAbel                                                                                                                                                                                               
JonathonTaylor                                                                                                                                                                                          
KimerelyGrant                                                                                                                                                                                           
JenniferWhalen                                                                                                                                                                                          
MichaelHartstein                                                                                                                                                                                        
PatFay                                                                                                                                                                                                  
ShelleyHiggins                                                                                                                                                                                          
WilliamGietz                                                                                                                                                                                            

20 rows selected.

SQL> SELECT CONCAT(FIRST_NAME,' ',LAST_NAME) "FULL NAME" FROM EMPLOYEES;
SELECT CONCAT(FIRST_NAME,' ',LAST_NAME) "FULL NAME" FROM EMPLOYEES
       *
ERROR at line 1:
ORA-00909: invalid number of arguments 


SQL> SELECT CONCAT(FIRST_NAME||' ',LAST_NAME) "FULL NAME" FROM EMPLOYEES;

FULL NAME                                                                                                                                                                                               
-------------------------------                                                                                                                                                                         
Steven King                                                                                                                                                                                             
Neena Kochhar                                                                                                                                                                                           
Lex De Haan                                                                                                                                                                                             
Alexander Hunold                                                                                                                                                                                        
Bruce Ernst                                                                                                                                                                                             
Diana Lorentz                                                                                                                                                                                           
Kevin Mourgos                                                                                                                                                                                           
Trenna Rajs                                                                                                                                                                                             
Curtis Davies                                                                                                                                                                                           
Randall Matos                                                                                                                                                                                           
Peter Vargas                                                                                                                                                                                            
Eleni Zlotkey                                                                                                                                                                                           
Ellen Abel                                                                                                                                                                                              
Jonathon Taylor                                                                                                                                                                                         
Kimerely Grant                                                                                                                                                                                          
Jennifer Whalen                                                                                                                                                                                         
Michael Hartstein                                                                                                                                                                                       
Pat Fay                                                                                                                                                                                                 
Shelley Higgins                                                                                                                                                                                         
William Gietz                                                                                                                                                                                           

20 rows selected.

SQL> SELECT CONCAT(FIRST_NAME,' '||LAST_NAME) "FULL NAME" FROM EMPLOYEES;

FULL NAME                                                                                                                                                                                               
-------------------------------                                                                                                                                                                         
Steven King                                                                                                                                                                                             
Neena Kochhar                                                                                                                                                                                           
Lex De Haan                                                                                                                                                                                             
Alexander Hunold                                                                                                                                                                                        
Bruce Ernst                                                                                                                                                                                             
Diana Lorentz                                                                                                                                                                                           
Kevin Mourgos                                                                                                                                                                                           
Trenna Rajs                                                                                                                                                                                             
Curtis Davies                                                                                                                                                                                           
Randall Matos                                                                                                                                                                                           
Peter Vargas                                                                                                                                                                                            
Eleni Zlotkey                                                                                                                                                                                           
Ellen Abel                                                                                                                                                                                              
Jonathon Taylor                                                                                                                                                                                         
Kimerely Grant                                                                                                                                                                                          
Jennifer Whalen                                                                                                                                                                                         
Michael Hartstein                                                                                                                                                                                       
Pat Fay                                                                                                                                                                                                 
Shelley Higgins                                                                                                                                                                                         
William Gietz                                                                                                                                                                                           

20 rows selected.

SQL> SELECT CONCAT(FIRST_NAME,CONCAT(' ',LAST_NAME)) "FULL NAME" FROM EMPLOYEES;

FULL NAME                                                                                                                                                                                               
-------------------------------                                                                                                                                                                         
Steven King                                                                                                                                                                                             
Neena Kochhar                                                                                                                                                                                           
Lex De Haan                                                                                                                                                                                             
Alexander Hunold                                                                                                                                                                                        
Bruce Ernst                                                                                                                                                                                             
Diana Lorentz                                                                                                                                                                                           
Kevin Mourgos                                                                                                                                                                                           
Trenna Rajs                                                                                                                                                                                             
Curtis Davies                                                                                                                                                                                           
Randall Matos                                                                                                                                                                                           
Peter Vargas                                                                                                                                                                                            
Eleni Zlotkey                                                                                                                                                                                           
Ellen Abel                                                                                                                                                                                              
Jonathon Taylor                                                                                                                                                                                         
Kimerely Grant                                                                                                                                                                                          
Jennifer Whalen                                                                                                                                                                                         
Michael Hartstein                                                                                                                                                                                       
Pat Fay                                                                                                                                                                                                 
Shelley Higgins                                                                                                                                                                                         
William Gietz                                                                                                                                                                                           

20 rows selected.

SQL> SELECT CONCAT(CONCAT(FIRST_NAME,' '),LAST_NAME) "FULL NAME" FROM EMPLOYEES;

FULL NAME                                                                                                                                                                                               
-------------------------------                                                                                                                                                                         
Steven King                                                                                                                                                                                             
Neena Kochhar                                                                                                                                                                                           
Lex De Haan                                                                                                                                                                                             
Alexander Hunold                                                                                                                                                                                        
Bruce Ernst                                                                                                                                                                                             
Diana Lorentz                                                                                                                                                                                           
Kevin Mourgos                                                                                                                                                                                           
Trenna Rajs                                                                                                                                                                                             
Curtis Davies                                                                                                                                                                                           
Randall Matos                                                                                                                                                                                           
Peter Vargas                                                                                                                                                                                            
Eleni Zlotkey                                                                                                                                                                                           
Ellen Abel                                                                                                                                                                                              
Jonathon Taylor                                                                                                                                                                                         
Kimerely Grant                                                                                                                                                                                          
Jennifer Whalen                                                                                                                                                                                         
Michael Hartstein                                                                                                                                                                                       
Pat Fay                                                                                                                                                                                                 
Shelley Higgins                                                                                                                                                                                         
William Gietz                                                                                                                                                                                           

20 rows selected.

SQL> SELECT FIRST_NAME || ' ' || LAST_NAME "FULL NAME" FROM EMPLOYEES;

FULL NAME                                                                                                                                                                                               
-------------------------------                                                                                                                                                                         
Steven King                                                                                                                                                                                             
Neena Kochhar                                                                                                                                                                                           
Lex De Haan                                                                                                                                                                                             
Alexander Hunold                                                                                                                                                                                        
Bruce Ernst                                                                                                                                                                                             
Diana Lorentz                                                                                                                                                                                           
Kevin Mourgos                                                                                                                                                                                           
Trenna Rajs                                                                                                                                                                                             
Curtis Davies                                                                                                                                                                                           
Randall Matos                                                                                                                                                                                           
Peter Vargas                                                                                                                                                                                            
Eleni Zlotkey                                                                                                                                                                                           
Ellen Abel                                                                                                                                                                                              
Jonathon Taylor                                                                                                                                                                                         
Kimerely Grant                                                                                                                                                                                          
Jennifer Whalen                                                                                                                                                                                         
Michael Hartstein                                                                                                                                                                                       
Pat Fay                                                                                                                                                                                                 
Shelley Higgins                                                                                                                                                                                         
William Gietz                                                                                                                                                                                           

20 rows selected.

SQL> SELECT CONCAT(CONCAT(SALARY,FIRST_NAME),HIRE_DATE) "FULL NAME" FROM EMPLOYEES;

FULL NAME                                                                                                                                                                                               
-------------------------------------------------------------------------                                                                                                                               
24000Steven17-JUL-87                                                                                                                                                                                    
17000Neena21-SEP-89                                                                                                                                                                                     
17000Lex13-JAN-93                                                                                                                                                                                       
9000Alexander03-JAN-90                                                                                                                                                                                  
6000Bruce21-MAY-91                                                                                                                                                                                      
4200Diana07-FEB-99                                                                                                                                                                                      
5800Kevin16-NOV-99                                                                                                                                                                                      
3500Trenna17-OCT-95                                                                                                                                                                                     
3100Curtis29-JAN-97                                                                                                                                                                                     
2600Randall15-MAR-98                                                                                                                                                                                    
2500Peter09-JUL-98                                                                                                                                                                                      
10500Eleni29-JAN-00                                                                                                                                                                                     
11000Ellen11-MAY-96                                                                                                                                                                                     
8600Jonathon24-MAR-98                                                                                                                                                                                   
7000Kimerely24-MAY-99                                                                                                                                                                                   
4400Jennifer17-SEP-87                                                                                                                                                                                   
13000Michael17-FEB-96                                                                                                                                                                                   
6000Pat17-AUG-97                                                                                                                                                                                        
12000Shelley07-JUN-94                                                                                                                                                                                   
8300William07-JUN-94                                                                                                                                                                                    

20 rows selected.

SQL> SELECT CONCAT(FIRST_NAME) FROM EMPLOYEES;
SELECT CONCAT(FIRST_NAME) FROM EMPLOYEES
       *
ERROR at line 1:
ORA-00909: invalid number of arguments 


SQL> SELECT CONCAT(SALARY,FIRST_NAME,HIRE_DATE) FROM EMPLOYEES;
SELECT CONCAT(SALARY,FIRST_NAME,HIRE_DATE) FROM EMPLOYEES
       *
ERROR at line 1:
ORA-00909: invalid number of arguments 


SQL> SELECT CONCAT(FIRST_NAME,' gets Rs.',SALARY) FROM EMPLOYEES;
SELECT CONCAT(FIRST_NAME,' gets Rs.',SALARY) FROM EMPLOYEES
       *
ERROR at line 1:
ORA-00909: invalid number of arguments 


SQL> SELECT CONCAT(FIRST_NAME,CONCAT(' gets Rs.',SALARY)) FROM EMPLOYEES;

CONCAT(FIRST_NAME,CONCAT('GETSRS.',SALARY))                                                                                                                                                             
----------------------------------------------------------------                                                                                                                                        
Steven gets Rs.24000                                                                                                                                                                                    
Neena gets Rs.17000                                                                                                                                                                                     
Lex gets Rs.17000                                                                                                                                                                                       
Alexander gets Rs.9000                                                                                                                                                                                  
Bruce gets Rs.6000                                                                                                                                                                                      
Diana gets Rs.4200                                                                                                                                                                                      
Kevin gets Rs.5800                                                                                                                                                                                      
Trenna gets Rs.3500                                                                                                                                                                                     
Curtis gets Rs.3100                                                                                                                                                                                     
Randall gets Rs.2600                                                                                                                                                                                    
Peter gets Rs.2500                                                                                                                                                                                      
Eleni gets Rs.10500                                                                                                                                                                                     
Ellen gets Rs.11000                                                                                                                                                                                     
Jonathon gets Rs.8600                                                                                                                                                                                   
Kimerely gets Rs.7000                                                                                                                                                                                   
Jennifer gets Rs.4400                                                                                                                                                                                   
Michael gets Rs.13000                                                                                                                                                                                   
Pat gets Rs.6000                                                                                                                                                                                        
Shelley gets Rs.12000                                                                                                                                                                                   
William gets Rs.8300                                                                                                                                                                                    

20 rows selected.

SQL> SELECT CONCAT(FIRST_NAME ||' gets Rs.',SALARY) FROM EMPLOYEES;

CONCAT(FIRST_NAME||'GETSRS.',SALARY)                                                                                                                                                                    
----------------------------------------------------------------                                                                                                                                        
Steven gets Rs.24000                                                                                                                                                                                    
Neena gets Rs.17000                                                                                                                                                                                     
Lex gets Rs.17000                                                                                                                                                                                       
Alexander gets Rs.9000                                                                                                                                                                                  
Bruce gets Rs.6000                                                                                                                                                                                      
Diana gets Rs.4200                                                                                                                                                                                      
Kevin gets Rs.5800                                                                                                                                                                                      
Trenna gets Rs.3500                                                                                                                                                                                     
Curtis gets Rs.3100                                                                                                                                                                                     
Randall gets Rs.2600                                                                                                                                                                                    
Peter gets Rs.2500                                                                                                                                                                                      
Eleni gets Rs.10500                                                                                                                                                                                     
Ellen gets Rs.11000                                                                                                                                                                                     
Jonathon gets Rs.8600                                                                                                                                                                                   
Kimerely gets Rs.7000                                                                                                                                                                                   
Jennifer gets Rs.4400                                                                                                                                                                                   
Michael gets Rs.13000                                                                                                                                                                                   
Pat gets Rs.6000                                                                                                                                                                                        
Shelley gets Rs.12000                                                                                                                                                                                   
William gets Rs.8300                                                                                                                                                                                    

20 rows selected.

SQL> REM LPAD : TO PAD EXTRA CHARACTERS TO THE LEFT OF FIRST ARGUMENT
SQL> 
SQL> SELECT SALARY FROM EMPLOYEES;

    SALARY                                                                                                                                                                                              
----------                                                                                                                                                                                              
     24000                                                                                                                                                                                              
     17000                                                                                                                                                                                              
     17000                                                                                                                                                                                              
      9000                                                                                                                                                                                              
      6000                                                                                                                                                                                              
      4200                                                                                                                                                                                              
      5800                                                                                                                                                                                              
      3500                                                                                                                                                                                              
      3100                                                                                                                                                                                              
      2600                                                                                                                                                                                              
      2500                                                                                                                                                                                              
     10500                                                                                                                                                                                              
     11000                                                                                                                                                                                              
      8600                                                                                                                                                                                              
      7000                                                                                                                                                                                              
      4400                                                                                                                                                                                              
     13000                                                                                                                                                                                              
      6000                                                                                                                                                                                              
     12000                                                                                                                                                                                              
      8300                                                                                                                                                                                              

20 rows selected.

SQL> SELECT SALARY , LPAD(SALARY,10,'*') FROM EMPLOYEES;

    SALARY LPAD(SALARY,10,'*')                                                                                                                                                                          
---------- ----------------------------------------                                                                                                                                                     
     24000 *****24000                                                                                                                                                                                   
     17000 *****17000                                                                                                                                                                                   
     17000 *****17000                                                                                                                                                                                   
      9000 ******9000                                                                                                                                                                                   
      6000 ******6000                                                                                                                                                                                   
      4200 ******4200                                                                                                                                                                                   
      5800 ******5800                                                                                                                                                                                   
      3500 ******3500                                                                                                                                                                                   
      3100 ******3100                                                                                                                                                                                   
      2600 ******2600                                                                                                                                                                                   
      2500 ******2500                                                                                                                                                                                   
     10500 *****10500                                                                                                                                                                                   
     11000 *****11000                                                                                                                                                                                   
      8600 ******8600                                                                                                                                                                                   
      7000 ******7000                                                                                                                                                                                   
      4400 ******4400                                                                                                                                                                                   
     13000 *****13000                                                                                                                                                                                   
      6000 ******6000                                                                                                                                                                                   
     12000 *****12000                                                                                                                                                                                   
      8300 ******8300                                                                                                                                                                                   

20 rows selected.

SQL> SELECT SALARY , LPAD(SALARY,10,'*+') FROM EMPLOYEES;

    SALARY LPAD(SALARY,10,'*+')                                                                                                                                                                         
---------- ----------------------------------------                                                                                                                                                     
     24000 *+*+*24000                                                                                                                                                                                   
     17000 *+*+*17000                                                                                                                                                                                   
     17000 *+*+*17000                                                                                                                                                                                   
      9000 *+*+*+9000                                                                                                                                                                                   
      6000 *+*+*+6000                                                                                                                                                                                   
      4200 *+*+*+4200                                                                                                                                                                                   
      5800 *+*+*+5800                                                                                                                                                                                   
      3500 *+*+*+3500                                                                                                                                                                                   
      3100 *+*+*+3100                                                                                                                                                                                   
      2600 *+*+*+2600                                                                                                                                                                                   
      2500 *+*+*+2500                                                                                                                                                                                   
     10500 *+*+*10500                                                                                                                                                                                   
     11000 *+*+*11000                                                                                                                                                                                   
      8600 *+*+*+8600                                                                                                                                                                                   
      7000 *+*+*+7000                                                                                                                                                                                   
      4400 *+*+*+4400                                                                                                                                                                                   
     13000 *+*+*13000                                                                                                                                                                                   
      6000 *+*+*+6000                                                                                                                                                                                   
     12000 *+*+*12000                                                                                                                                                                                   
      8300 *+*+*+8300                                                                                                                                                                                   

20 rows selected.

SQL> SELECT SALARY , LPAD(SALARY,15) FROM EMPLOYEES;

    SALARY LPAD(SALARY,15)                                                                                                                                                                              
---------- ------------------------------------------------------------                                                                                                                                 
     24000           24000                                                                                                                                                                              
     17000           17000                                                                                                                                                                              
     17000           17000                                                                                                                                                                              
      9000            9000                                                                                                                                                                              
      6000            6000                                                                                                                                                                              
      4200            4200                                                                                                                                                                              
      5800            5800                                                                                                                                                                              
      3500            3500                                                                                                                                                                              
      3100            3100                                                                                                                                                                              
      2600            2600                                                                                                                                                                              
      2500            2500                                                                                                                                                                              
     10500           10500                                                                                                                                                                              
     11000           11000                                                                                                                                                                              
      8600            8600                                                                                                                                                                              
      7000            7000                                                                                                                                                                              
      4400            4400                                                                                                                                                                              
     13000           13000                                                                                                                                                                              
      6000            6000                                                                                                                                                                              
     12000           12000                                                                                                                                                                              
      8300            8300                                                                                                                                                                              

20 rows selected.

SQL> SELECT FIRST_NAME FROM EMPLOYEES;

FIRST_NAME                                                                                                                                                                                              
---------------                                                                                                                                                                                         
Steven                                                                                                                                                                                                  
Neena                                                                                                                                                                                                   
Lex                                                                                                                                                                                                     
Alexander                                                                                                                                                                                               
Bruce                                                                                                                                                                                                   
Diana                                                                                                                                                                                                   
Kevin                                                                                                                                                                                                   
Trenna                                                                                                                                                                                                  
Curtis                                                                                                                                                                                                  
Randall                                                                                                                                                                                                 
Peter                                                                                                                                                                                                   
Eleni                                                                                                                                                                                                   
Ellen                                                                                                                                                                                                   
Jonathon                                                                                                                                                                                                
Kimerely                                                                                                                                                                                                
Jennifer                                                                                                                                                                                                
Michael                                                                                                                                                                                                 
Pat                                                                                                                                                                                                     
Shelley                                                                                                                                                                                                 
William                                                                                                                                                                                                 

20 rows selected.

SQL> SELECT FIRST_NAME , LPAD(FIRST_NAME,15) FROM EMPLOYEES;

FIRST_NAME      LPAD(FIRST_NAME,15)                                                                                                                                                                     
--------------- ------------------------------------------------------------                                                                                                                            
Steven                   Steven                                                                                                                                                                         
Neena                     Neena                                                                                                                                                                         
Lex                         Lex                                                                                                                                                                         
Alexander             Alexander                                                                                                                                                                         
Bruce                     Bruce                                                                                                                                                                         
Diana                     Diana                                                                                                                                                                         
Kevin                     Kevin                                                                                                                                                                         
Trenna                   Trenna                                                                                                                                                                         
Curtis                   Curtis                                                                                                                                                                         
Randall                 Randall                                                                                                                                                                         
Peter                     Peter                                                                                                                                                                         
Eleni                     Eleni                                                                                                                                                                         
Ellen                     Ellen                                                                                                                                                                         
Jonathon               Jonathon                                                                                                                                                                         
Kimerely               Kimerely                                                                                                                                                                         
Jennifer               Jennifer                                                                                                                                                                         
Michael                 Michael                                                                                                                                                                         
Pat                         Pat                                                                                                                                                                         
Shelley                 Shelley                                                                                                                                                                         
William                 William                                                                                                                                                                         

20 rows selected.

SQL> REM RPAD : TO PAD EXTRA CHARACTERS TO THE RIGHT OF FIRST ARGUMENT
SQL> 
SQL> SELECT SALARY , RPAD(SALARY,10,'*') FROM EMPLOYEES;

    SALARY RPAD(SALARY,10,'*')                                                                                                                                                                          
---------- ----------------------------------------                                                                                                                                                     
     24000 24000*****                                                                                                                                                                                   
     17000 17000*****                                                                                                                                                                                   
     17000 17000*****                                                                                                                                                                                   
      9000 9000******                                                                                                                                                                                   
      6000 6000******                                                                                                                                                                                   
      4200 4200******                                                                                                                                                                                   
      5800 5800******                                                                                                                                                                                   
      3500 3500******                                                                                                                                                                                   
      3100 3100******                                                                                                                                                                                   
      2600 2600******                                                                                                                                                                                   
      2500 2500******                                                                                                                                                                                   
     10500 10500*****                                                                                                                                                                                   
     11000 11000*****                                                                                                                                                                                   
      8600 8600******                                                                                                                                                                                   
      7000 7000******                                                                                                                                                                                   
      4400 4400******                                                                                                                                                                                   
     13000 13000*****                                                                                                                                                                                   
      6000 6000******                                                                                                                                                                                   
     12000 12000*****                                                                                                                                                                                   
      8300 8300******                                                                                                                                                                                   

20 rows selected.

SQL> SELECT SALARY , RPAD(SALARY,10,'*#$') FROM EMPLOYEES;

    SALARY RPAD(SALARY,10,'*#$')                                                                                                                                                                        
---------- ----------------------------------------                                                                                                                                                     
     24000 24000*#$*#                                                                                                                                                                                   
     17000 17000*#$*#                                                                                                                                                                                   
     17000 17000*#$*#                                                                                                                                                                                   
      9000 9000*#$*#$                                                                                                                                                                                   
      6000 6000*#$*#$                                                                                                                                                                                   
      4200 4200*#$*#$                                                                                                                                                                                   
      5800 5800*#$*#$                                                                                                                                                                                   
      3500 3500*#$*#$                                                                                                                                                                                   
      3100 3100*#$*#$                                                                                                                                                                                   
      2600 2600*#$*#$                                                                                                                                                                                   
      2500 2500*#$*#$                                                                                                                                                                                   
     10500 10500*#$*#                                                                                                                                                                                   
     11000 11000*#$*#                                                                                                                                                                                   
      8600 8600*#$*#$                                                                                                                                                                                   
      7000 7000*#$*#$                                                                                                                                                                                   
      4400 4400*#$*#$                                                                                                                                                                                   
     13000 13000*#$*#                                                                                                                                                                                   
      6000 6000*#$*#$                                                                                                                                                                                   
     12000 12000*#$*#                                                                                                                                                                                   
      8300 8300*#$*#$                                                                                                                                                                                   

20 rows selected.

SQL> SELECT SALARY , RPAD(SALARY,15) FROM EMPLOYEES;

    SALARY RPAD(SALARY,15)                                                                                                                                                                              
---------- ------------------------------------------------------------                                                                                                                                 
     24000 24000                                                                                                                                                                                        
     17000 17000                                                                                                                                                                                        
     17000 17000                                                                                                                                                                                        
      9000 9000                                                                                                                                                                                         
      6000 6000                                                                                                                                                                                         
      4200 4200                                                                                                                                                                                         
      5800 5800                                                                                                                                                                                         
      3500 3500                                                                                                                                                                                         
      3100 3100                                                                                                                                                                                         
      2600 2600                                                                                                                                                                                         
      2500 2500                                                                                                                                                                                         
     10500 10500                                                                                                                                                                                        
     11000 11000                                                                                                                                                                                        
      8600 8600                                                                                                                                                                                         
      7000 7000                                                                                                                                                                                         
      4400 4400                                                                                                                                                                                         
     13000 13000                                                                                                                                                                                        
      6000 6000                                                                                                                                                                                         
     12000 12000                                                                                                                                                                                        
      8300 8300                                                                                                                                                                                         

20 rows selected.

SQL> REM LTRIM : TO TRIM SOME CHARACTER COMBINATIONS FROM LEFT
SQL> 
SQL> SELECT HIRE_DATE FROM EMPLOYEES;

HIRE_DATE                                                                                                                                                                                               
---------                                                                                                                                                                                               
17-JUL-87                                                                                                                                                                                               
21-SEP-89                                                                                                                                                                                               
13-JAN-93                                                                                                                                                                                               
03-JAN-90                                                                                                                                                                                               
21-MAY-91                                                                                                                                                                                               
07-FEB-99                                                                                                                                                                                               
16-NOV-99                                                                                                                                                                                               
17-OCT-95                                                                                                                                                                                               
29-JAN-97                                                                                                                                                                                               
15-MAR-98                                                                                                                                                                                               
09-JUL-98                                                                                                                                                                                               
29-JAN-00                                                                                                                                                                                               
11-MAY-96                                                                                                                                                                                               
24-MAR-98                                                                                                                                                                                               
24-MAY-99                                                                                                                                                                                               
17-SEP-87                                                                                                                                                                                               
17-FEB-96                                                                                                                                                                                               
17-AUG-97                                                                                                                                                                                               
07-JUN-94                                                                                                                                                                                               
07-JUN-94                                                                                                                                                                                               

20 rows selected.

SQL> SELECT HIRE_DATE , LTRIM(HIRE_DATE,'1') FROM EMPLOYEES;

HIRE_DATE LTRIM(HIRE_DATE,'1                                                                                                                                                                            
--------- ------------------                                                                                                                                                                            
17-JUL-87 7-JUL-87                                                                                                                                                                                      
21-SEP-89 21-SEP-89                                                                                                                                                                                     
13-JAN-93 3-JAN-93                                                                                                                                                                                      
03-JAN-90 03-JAN-90                                                                                                                                                                                     
21-MAY-91 21-MAY-91                                                                                                                                                                                     
07-FEB-99 07-FEB-99                                                                                                                                                                                     
16-NOV-99 6-NOV-99                                                                                                                                                                                      
17-OCT-95 7-OCT-95                                                                                                                                                                                      
29-JAN-97 29-JAN-97                                                                                                                                                                                     
15-MAR-98 5-MAR-98                                                                                                                                                                                      
09-JUL-98 09-JUL-98                                                                                                                                                                                     
29-JAN-00 29-JAN-00                                                                                                                                                                                     
11-MAY-96 -MAY-96                                                                                                                                                                                       
24-MAR-98 24-MAR-98                                                                                                                                                                                     
24-MAY-99 24-MAY-99                                                                                                                                                                                     
17-SEP-87 7-SEP-87                                                                                                                                                                                      
17-FEB-96 7-FEB-96                                                                                                                                                                                      
17-AUG-97 7-AUG-97                                                                                                                                                                                      
07-JUN-94 07-JUN-94                                                                                                                                                                                     
07-JUN-94 07-JUN-94                                                                                                                                                                                     

20 rows selected.

SQL> SELECT HIRE_DATE , LTRIM(HIRE_DATE,'71') FROM EMPLOYEES;

HIRE_DATE LTRIM(HIRE_DATE,'7                                                                                                                                                                            
--------- ------------------                                                                                                                                                                            
17-JUL-87 -JUL-87                                                                                                                                                                                       
21-SEP-89 21-SEP-89                                                                                                                                                                                     
13-JAN-93 3-JAN-93                                                                                                                                                                                      
03-JAN-90 03-JAN-90                                                                                                                                                                                     
21-MAY-91 21-MAY-91                                                                                                                                                                                     
07-FEB-99 07-FEB-99                                                                                                                                                                                     
16-NOV-99 6-NOV-99                                                                                                                                                                                      
17-OCT-95 -OCT-95                                                                                                                                                                                       
29-JAN-97 29-JAN-97                                                                                                                                                                                     
15-MAR-98 5-MAR-98                                                                                                                                                                                      
09-JUL-98 09-JUL-98                                                                                                                                                                                     
29-JAN-00 29-JAN-00                                                                                                                                                                                     
11-MAY-96 -MAY-96                                                                                                                                                                                       
24-MAR-98 24-MAR-98                                                                                                                                                                                     
24-MAY-99 24-MAY-99                                                                                                                                                                                     
17-SEP-87 -SEP-87                                                                                                                                                                                       
17-FEB-96 -FEB-96                                                                                                                                                                                       
17-AUG-97 -AUG-97                                                                                                                                                                                       
07-JUN-94 07-JUN-94                                                                                                                                                                                     
07-JUN-94 07-JUN-94                                                                                                                                                                                     

20 rows selected.

SQL> SELECT FIRST_NAME , LPAD(FIRST_NAME,4) , RPAD(FIRST_NAME,4) FROM EMPLOYEES;

FIRST_NAME      LPAD(FIRST_NAME, RPAD(FIRST_NAME,                                                                                                                                                       
--------------- ---------------- ----------------                                                                                                                                                       
Steven          Stev             Stev                                                                                                                                                                   
Neena           Neen             Neen                                                                                                                                                                   
Lex              Lex             Lex                                                                                                                                                                    
Alexander       Alex             Alex                                                                                                                                                                   
Bruce           Bruc             Bruc                                                                                                                                                                   
Diana           Dian             Dian                                                                                                                                                                   
Kevin           Kevi             Kevi                                                                                                                                                                   
Trenna          Tren             Tren                                                                                                                                                                   
Curtis          Curt             Curt                                                                                                                                                                   
Randall         Rand             Rand                                                                                                                                                                   
Peter           Pete             Pete                                                                                                                                                                   
Eleni           Elen             Elen                                                                                                                                                                   
Ellen           Elle             Elle                                                                                                                                                                   
Jonathon        Jona             Jona                                                                                                                                                                   
Kimerely        Kime             Kime                                                                                                                                                                   
Jennifer        Jenn             Jenn                                                                                                                                                                   
Michael         Mich             Mich                                                                                                                                                                   
Pat              Pat             Pat                                                                                                                                                                    
Shelley         Shel             Shel                                                                                                                                                                   
William         Will             Will                                                                                                                                                                   

20 rows selected.

SQL> REM RTRIM : TO TRIM SOME CHARACTER COMBINATIONS FROM RIGHT
SQL> 
SQL> 
SQL> SELECT HIRE_DATE , RTRIM(HIRE_DATE,'9') FROM EMPLOYEES;

HIRE_DATE RTRIM(HIRE_DATE,'9                                                                                                                                                                            
--------- ------------------                                                                                                                                                                            
17-JUL-87 17-JUL-87                                                                                                                                                                                     
21-SEP-89 21-SEP-8                                                                                                                                                                                      
13-JAN-93 13-JAN-93                                                                                                                                                                                     
03-JAN-90 03-JAN-90                                                                                                                                                                                     
21-MAY-91 21-MAY-91                                                                                                                                                                                     
07-FEB-99 07-FEB-                                                                                                                                                                                       
16-NOV-99 16-NOV-                                                                                                                                                                                       
17-OCT-95 17-OCT-95                                                                                                                                                                                     
29-JAN-97 29-JAN-97                                                                                                                                                                                     
15-MAR-98 15-MAR-98                                                                                                                                                                                     
09-JUL-98 09-JUL-98                                                                                                                                                                                     
29-JAN-00 29-JAN-00                                                                                                                                                                                     
11-MAY-96 11-MAY-96                                                                                                                                                                                     
24-MAR-98 24-MAR-98                                                                                                                                                                                     
24-MAY-99 24-MAY-                                                                                                                                                                                       
17-SEP-87 17-SEP-87                                                                                                                                                                                     
17-FEB-96 17-FEB-96                                                                                                                                                                                     
17-AUG-97 17-AUG-97                                                                                                                                                                                     
07-JUN-94 07-JUN-94                                                                                                                                                                                     
07-JUN-94 07-JUN-94                                                                                                                                                                                     

20 rows selected.

SQL> SELECT HIRE_DATE , RTRIM(HIRE_DATE,'89') FROM EMPLOYEES;

HIRE_DATE RTRIM(HIRE_DATE,'8                                                                                                                                                                            
--------- ------------------                                                                                                                                                                            
17-JUL-87 17-JUL-87                                                                                                                                                                                     
21-SEP-89 21-SEP-                                                                                                                                                                                       
13-JAN-93 13-JAN-93                                                                                                                                                                                     
03-JAN-90 03-JAN-90                                                                                                                                                                                     
21-MAY-91 21-MAY-91                                                                                                                                                                                     
07-FEB-99 07-FEB-                                                                                                                                                                                       
16-NOV-99 16-NOV-                                                                                                                                                                                       
17-OCT-95 17-OCT-95                                                                                                                                                                                     
29-JAN-97 29-JAN-97                                                                                                                                                                                     
15-MAR-98 15-MAR-                                                                                                                                                                                       
09-JUL-98 09-JUL-                                                                                                                                                                                       
29-JAN-00 29-JAN-00                                                                                                                                                                                     
11-MAY-96 11-MAY-96                                                                                                                                                                                     
24-MAR-98 24-MAR-                                                                                                                                                                                       
24-MAY-99 24-MAY-                                                                                                                                                                                       
17-SEP-87 17-SEP-87                                                                                                                                                                                     
17-FEB-96 17-FEB-96                                                                                                                                                                                     
17-AUG-97 17-AUG-97                                                                                                                                                                                     
07-JUN-94 07-JUN-94                                                                                                                                                                                     
07-JUN-94 07-JUN-94                                                                                                                                                                                     

20 rows selected.

SQL> SELECT SALARY , LTRIM(SALARY,'01') FROM EMPLOYEES;

    SALARY LTRIM(SALARY,'01')                                                                                                                                                                           
---------- ----------------------------------------                                                                                                                                                     
     24000 24000                                                                                                                                                                                        
     17000 7000                                                                                                                                                                                         
     17000 7000                                                                                                                                                                                         
      9000 9000                                                                                                                                                                                         
      6000 6000                                                                                                                                                                                         
      4200 4200                                                                                                                                                                                         
      5800 5800                                                                                                                                                                                         
      3500 3500                                                                                                                                                                                         
      3100 3100                                                                                                                                                                                         
      2600 2600                                                                                                                                                                                         
      2500 2500                                                                                                                                                                                         
     10500 500                                                                                                                                                                                          
     11000                                                                                                                                                                                              
      8600 8600                                                                                                                                                                                         
      7000 7000                                                                                                                                                                                         
      4400 4400                                                                                                                                                                                         
     13000 3000                                                                                                                                                                                         
      6000 6000                                                                                                                                                                                         
     12000 2000                                                                                                                                                                                         
      8300 8300                                                                                                                                                                                         

20 rows selected.

SQL> SELECT SALARY , RTRIM(SALARY,'01') FROM EMPLOYEES;

    SALARY RTRIM(SALARY,'01')                                                                                                                                                                           
---------- ----------------------------------------                                                                                                                                                     
     24000 24                                                                                                                                                                                           
     17000 17                                                                                                                                                                                           
     17000 17                                                                                                                                                                                           
      9000 9                                                                                                                                                                                            
      6000 6                                                                                                                                                                                            
      4200 42                                                                                                                                                                                           
      5800 58                                                                                                                                                                                           
      3500 35                                                                                                                                                                                           
      3100 3                                                                                                                                                                                            
      2600 26                                                                                                                                                                                           
      2500 25                                                                                                                                                                                           
     10500 105                                                                                                                                                                                          
     11000                                                                                                                                                                                              
      8600 86                                                                                                                                                                                           
      7000 7                                                                                                                                                                                            
      4400 44                                                                                                                                                                                           
     13000 13                                                                                                                                                                                           
      6000 6                                                                                                                                                                                            
     12000 12                                                                                                                                                                                           
      8300 83                                                                                                                                                                                           

20 rows selected.

SQL> SELECT SALARY , RTRIM(SALARY,'21') FROM EMPLOYEES;

    SALARY RTRIM(SALARY,'21')                                                                                                                                                                           
---------- ----------------------------------------                                                                                                                                                     
     24000 24000                                                                                                                                                                                        
     17000 17000                                                                                                                                                                                        
     17000 17000                                                                                                                                                                                        
      9000 9000                                                                                                                                                                                         
      6000 6000                                                                                                                                                                                         
      4200 4200                                                                                                                                                                                         
      5800 5800                                                                                                                                                                                         
      3500 3500                                                                                                                                                                                         
      3100 3100                                                                                                                                                                                         
      2600 2600                                                                                                                                                                                         
      2500 2500                                                                                                                                                                                         
     10500 10500                                                                                                                                                                                        
     11000 11000                                                                                                                                                                                        
      8600 8600                                                                                                                                                                                         
      7000 7000                                                                                                                                                                                         
      4400 4400                                                                                                                                                                                         
     13000 13000                                                                                                                                                                                        
      6000 6000                                                                                                                                                                                         
     12000 12000                                                                                                                                                                                        
      8300 8300                                                                                                                                                                                         

20 rows selected.

SQL> SELECT SALARY , LTRIM(SALARY,'21') FROM EMPLOYEES;

    SALARY LTRIM(SALARY,'21')                                                                                                                                                                           
---------- ----------------------------------------                                                                                                                                                     
     24000 4000                                                                                                                                                                                         
     17000 7000                                                                                                                                                                                         
     17000 7000                                                                                                                                                                                         
      9000 9000                                                                                                                                                                                         
      6000 6000                                                                                                                                                                                         
      4200 4200                                                                                                                                                                                         
      5800 5800                                                                                                                                                                                         
      3500 3500                                                                                                                                                                                         
      3100 3100                                                                                                                                                                                         
      2600 600                                                                                                                                                                                          
      2500 500                                                                                                                                                                                          
     10500 0500                                                                                                                                                                                         
     11000 000                                                                                                                                                                                          
      8600 8600                                                                                                                                                                                         
      7000 7000                                                                                                                                                                                         
      4400 4400                                                                                                                                                                                         
     13000 3000                                                                                                                                                                                         
      6000 6000                                                                                                                                                                                         
     12000 000                                                                                                                                                                                          
      8300 8300                                                                                                                                                                                         

20 rows selected.

SQL> SELECT SALARY , LTRIM(SALARY,'201') FROM EMPLOYEES;

    SALARY LTRIM(SALARY,'201')                                                                                                                                                                          
---------- ----------------------------------------                                                                                                                                                     
     24000 4000                                                                                                                                                                                         
     17000 7000                                                                                                                                                                                         
     17000 7000                                                                                                                                                                                         
      9000 9000                                                                                                                                                                                         
      6000 6000                                                                                                                                                                                         
      4200 4200                                                                                                                                                                                         
      5800 5800                                                                                                                                                                                         
      3500 3500                                                                                                                                                                                         
      3100 3100                                                                                                                                                                                         
      2600 600                                                                                                                                                                                          
      2500 500                                                                                                                                                                                          
     10500 500                                                                                                                                                                                          
     11000                                                                                                                                                                                              
      8600 8600                                                                                                                                                                                         
      7000 7000                                                                                                                                                                                         
      4400 4400                                                                                                                                                                                         
     13000 3000                                                                                                                                                                                         
      6000 6000                                                                                                                                                                                         
     12000                                                                                                                                                                                              
      8300 8300                                                                                                                                                                                         

20 rows selected.

SQL> SELECT SALARY , RTRIM(SALARY,'201') FROM EMPLOYEES;

    SALARY RTRIM(SALARY,'201')                                                                                                                                                                          
---------- ----------------------------------------                                                                                                                                                     
     24000 24                                                                                                                                                                                           
     17000 17                                                                                                                                                                                           
     17000 17                                                                                                                                                                                           
      9000 9                                                                                                                                                                                            
      6000 6                                                                                                                                                                                            
      4200 4                                                                                                                                                                                            
      5800 58                                                                                                                                                                                           
      3500 35                                                                                                                                                                                           
      3100 3                                                                                                                                                                                            
      2600 26                                                                                                                                                                                           
      2500 25                                                                                                                                                                                           
     10500 105                                                                                                                                                                                          
     11000                                                                                                                                                                                              
      8600 86                                                                                                                                                                                           
      7000 7                                                                                                                                                                                            
      4400 44                                                                                                                                                                                           
     13000 13                                                                                                                                                                                           
      6000 6                                                                                                                                                                                            
     12000                                                                                                                                                                                              
      8300 83                                                                                                                                                                                           

20 rows selected.

SQL> SELECT SALARY , RTRIM(SALARY,'012') FROM EMPLOYEES;

    SALARY RTRIM(SALARY,'012')                                                                                                                                                                          
---------- ----------------------------------------                                                                                                                                                     
     24000 24                                                                                                                                                                                           
     17000 17                                                                                                                                                                                           
     17000 17                                                                                                                                                                                           
      9000 9                                                                                                                                                                                            
      6000 6                                                                                                                                                                                            
      4200 4                                                                                                                                                                                            
      5800 58                                                                                                                                                                                           
      3500 35                                                                                                                                                                                           
      3100 3                                                                                                                                                                                            
      2600 26                                                                                                                                                                                           
      2500 25                                                                                                                                                                                           
     10500 105                                                                                                                                                                                          
     11000                                                                                                                                                                                              
      8600 86                                                                                                                                                                                           
      7000 7                                                                                                                                                                                            
      4400 44                                                                                                                                                                                           
     13000 13                                                                                                                                                                                           
      6000 6                                                                                                                                                                                            
     12000                                                                                                                                                                                              
      8300 83                                                                                                                                                                                           

20 rows selected.

SQL> REM TRIM : IT WILL REMOVE SINGLE CHARACTER OR IT'S COMBINATION FROM BOTH THE SIDES OR SINGLE SIDE
SQL> 
SQL> SELECT HIRE_DATE , TRIM('0' FROM HIRE_DATE) FROM EMPLOYEES;

HIRE_DATE TRIM('0'FROMHIRE_D                                                                                                                                                                            
--------- ------------------                                                                                                                                                                            
17-JUL-87 17-JUL-87                                                                                                                                                                                     
21-SEP-89 21-SEP-89                                                                                                                                                                                     
13-JAN-93 13-JAN-93                                                                                                                                                                                     
03-JAN-90 3-JAN-9                                                                                                                                                                                       
21-MAY-91 21-MAY-91                                                                                                                                                                                     
07-FEB-99 7-FEB-99                                                                                                                                                                                      
16-NOV-99 16-NOV-99                                                                                                                                                                                     
17-OCT-95 17-OCT-95                                                                                                                                                                                     
29-JAN-97 29-JAN-97                                                                                                                                                                                     
15-MAR-98 15-MAR-98                                                                                                                                                                                     
09-JUL-98 9-JUL-98                                                                                                                                                                                      
29-JAN-00 29-JAN-                                                                                                                                                                                       
11-MAY-96 11-MAY-96                                                                                                                                                                                     
24-MAR-98 24-MAR-98                                                                                                                                                                                     
24-MAY-99 24-MAY-99                                                                                                                                                                                     
17-SEP-87 17-SEP-87                                                                                                                                                                                     
17-FEB-96 17-FEB-96                                                                                                                                                                                     
17-AUG-97 17-AUG-97                                                                                                                                                                                     
07-JUN-94 7-JUN-94                                                                                                                                                                                      
07-JUN-94 7-JUN-94                                                                                                                                                                                      

20 rows selected.

SQL> SELECT HIRE_DATE , TRIM('10' FROM HIRE_DATE) FROM EMPLOYEES;
SELECT HIRE_DATE , TRIM('10' FROM HIRE_DATE) FROM EMPLOYEES
                   *
ERROR at line 1:
ORA-30001: trim set should have only one character 


SQL> SELECT HIRE_DATE , TRIM(LEADING '0' FROM HIRE_DATE) FROM EMPLOYEES;

HIRE_DATE TRIM(LEADING'0'FRO                                                                                                                                                                            
--------- ------------------                                                                                                                                                                            
17-JUL-87 17-JUL-87                                                                                                                                                                                     
21-SEP-89 21-SEP-89                                                                                                                                                                                     
13-JAN-93 13-JAN-93                                                                                                                                                                                     
03-JAN-90 3-JAN-90                                                                                                                                                                                      
21-MAY-91 21-MAY-91                                                                                                                                                                                     
07-FEB-99 7-FEB-99                                                                                                                                                                                      
16-NOV-99 16-NOV-99                                                                                                                                                                                     
17-OCT-95 17-OCT-95                                                                                                                                                                                     
29-JAN-97 29-JAN-97                                                                                                                                                                                     
15-MAR-98 15-MAR-98                                                                                                                                                                                     
09-JUL-98 9-JUL-98                                                                                                                                                                                      
29-JAN-00 29-JAN-00                                                                                                                                                                                     
11-MAY-96 11-MAY-96                                                                                                                                                                                     
24-MAR-98 24-MAR-98                                                                                                                                                                                     
24-MAY-99 24-MAY-99                                                                                                                                                                                     
17-SEP-87 17-SEP-87                                                                                                                                                                                     
17-FEB-96 17-FEB-96                                                                                                                                                                                     
17-AUG-97 17-AUG-97                                                                                                                                                                                     
07-JUN-94 7-JUN-94                                                                                                                                                                                      
07-JUN-94 7-JUN-94                                                                                                                                                                                      

20 rows selected.

SQL> SELECT HIRE_DATE , TRIM(TRAILING '0' FROM HIRE_DATE) FROM EMPLOYEES;

HIRE_DATE TRIM(TRAILING'0'FR                                                                                                                                                                            
--------- ------------------                                                                                                                                                                            
17-JUL-87 17-JUL-87                                                                                                                                                                                     
21-SEP-89 21-SEP-89                                                                                                                                                                                     
13-JAN-93 13-JAN-93                                                                                                                                                                                     
03-JAN-90 03-JAN-9                                                                                                                                                                                      
21-MAY-91 21-MAY-91                                                                                                                                                                                     
07-FEB-99 07-FEB-99                                                                                                                                                                                     
16-NOV-99 16-NOV-99                                                                                                                                                                                     
17-OCT-95 17-OCT-95                                                                                                                                                                                     
29-JAN-97 29-JAN-97                                                                                                                                                                                     
15-MAR-98 15-MAR-98                                                                                                                                                                                     
09-JUL-98 09-JUL-98                                                                                                                                                                                     
29-JAN-00 29-JAN-                                                                                                                                                                                       
11-MAY-96 11-MAY-96                                                                                                                                                                                     
24-MAR-98 24-MAR-98                                                                                                                                                                                     
24-MAY-99 24-MAY-99                                                                                                                                                                                     
17-SEP-87 17-SEP-87                                                                                                                                                                                     
17-FEB-96 17-FEB-96                                                                                                                                                                                     
17-AUG-97 17-AUG-97                                                                                                                                                                                     
07-JUN-94 07-JUN-94                                                                                                                                                                                     
07-JUN-94 07-JUN-94                                                                                                                                                                                     

20 rows selected.

SQL> SELECT HIRE_DATE , TRIM('0' FROM HIRE_DATE) FROM EMPLOYEES;

HIRE_DATE TRIM('0'FROMHIRE_D                                                                                                                                                                            
--------- ------------------                                                                                                                                                                            
17-JUL-87 17-JUL-87                                                                                                                                                                                     
21-SEP-89 21-SEP-89                                                                                                                                                                                     
13-JAN-93 13-JAN-93                                                                                                                                                                                     
03-JAN-90 3-JAN-9                                                                                                                                                                                       
21-MAY-91 21-MAY-91                                                                                                                                                                                     
07-FEB-99 7-FEB-99                                                                                                                                                                                      
16-NOV-99 16-NOV-99                                                                                                                                                                                     
17-OCT-95 17-OCT-95                                                                                                                                                                                     
29-JAN-97 29-JAN-97                                                                                                                                                                                     
15-MAR-98 15-MAR-98                                                                                                                                                                                     
09-JUL-98 9-JUL-98                                                                                                                                                                                      
29-JAN-00 29-JAN-                                                                                                                                                                                       
11-MAY-96 11-MAY-96                                                                                                                                                                                     
24-MAR-98 24-MAR-98                                                                                                                                                                                     
24-MAY-99 24-MAY-99                                                                                                                                                                                     
17-SEP-87 17-SEP-87                                                                                                                                                                                     
17-FEB-96 17-FEB-96                                                                                                                                                                                     
17-AUG-97 17-AUG-97                                                                                                                                                                                     
07-JUN-94 7-JUN-94                                                                                                                                                                                      
07-JUN-94 7-JUN-94                                                                                                                                                                                      

20 rows selected.

SQL> SELECT HIRE_DATE , TRIM(BOTH '0' FROM HIRE_DATE) FROM EMPLOYEES;

HIRE_DATE TRIM(BOTH'0'FROMHI                                                                                                                                                                            
--------- ------------------                                                                                                                                                                            
17-JUL-87 17-JUL-87                                                                                                                                                                                     
21-SEP-89 21-SEP-89                                                                                                                                                                                     
13-JAN-93 13-JAN-93                                                                                                                                                                                     
03-JAN-90 3-JAN-9                                                                                                                                                                                       
21-MAY-91 21-MAY-91                                                                                                                                                                                     
07-FEB-99 7-FEB-99                                                                                                                                                                                      
16-NOV-99 16-NOV-99                                                                                                                                                                                     
17-OCT-95 17-OCT-95                                                                                                                                                                                     
29-JAN-97 29-JAN-97                                                                                                                                                                                     
15-MAR-98 15-MAR-98                                                                                                                                                                                     
09-JUL-98 9-JUL-98                                                                                                                                                                                      
29-JAN-00 29-JAN-                                                                                                                                                                                       
11-MAY-96 11-MAY-96                                                                                                                                                                                     
24-MAR-98 24-MAR-98                                                                                                                                                                                     
24-MAY-99 24-MAY-99                                                                                                                                                                                     
17-SEP-87 17-SEP-87                                                                                                                                                                                     
17-FEB-96 17-FEB-96                                                                                                                                                                                     
17-AUG-97 17-AUG-97                                                                                                                                                                                     
07-JUN-94 7-JUN-94                                                                                                                                                                                      
07-JUN-94 7-JUN-94                                                                                                                                                                                      

20 rows selected.

SQL> SELECT HIRE_DATE , RTRIM(HIRE_DATE,'98') , TRIM(TRAILING '9' FROM TRIM(TRAILING '8' FROM HIRE_DATE)) FROM EMPLOYEES;

HIRE_DATE RTRIM(HIRE_DATE,'9 TRIM(TRAILING'9'FR                                                                                                                                                         
--------- ------------------ ------------------                                                                                                                                                         
17-JUL-87 17-JUL-87          17-JUL-87                                                                                                                                                                  
21-SEP-89 21-SEP-            21-SEP-8                                                                                                                                                                   
13-JAN-93 13-JAN-93          13-JAN-93                                                                                                                                                                  
03-JAN-90 03-JAN-90          03-JAN-90                                                                                                                                                                  
21-MAY-91 21-MAY-91          21-MAY-91                                                                                                                                                                  
07-FEB-99 07-FEB-            07-FEB-                                                                                                                                                                    
16-NOV-99 16-NOV-            16-NOV-                                                                                                                                                                    
17-OCT-95 17-OCT-95          17-OCT-95                                                                                                                                                                  
29-JAN-97 29-JAN-97          29-JAN-97                                                                                                                                                                  
15-MAR-98 15-MAR-            15-MAR-                                                                                                                                                                    
09-JUL-98 09-JUL-            09-JUL-                                                                                                                                                                    
29-JAN-00 29-JAN-00          29-JAN-00                                                                                                                                                                  
11-MAY-96 11-MAY-96          11-MAY-96                                                                                                                                                                  
24-MAR-98 24-MAR-            24-MAR-                                                                                                                                                                    
24-MAY-99 24-MAY-            24-MAY-                                                                                                                                                                    
17-SEP-87 17-SEP-87          17-SEP-87                                                                                                                                                                  
17-FEB-96 17-FEB-96          17-FEB-96                                                                                                                                                                  
17-AUG-97 17-AUG-97          17-AUG-97                                                                                                                                                                  
07-JUN-94 07-JUN-94          07-JUN-94                                                                                                                                                                  
07-JUN-94 07-JUN-94          07-JUN-94                                                                                                                                                                  

20 rows selected.

SQL> REM LENGTH : IT WILL RETURN LENGTH IN NO. OF CHARACTERS
SQL> 
SQL> SELECT FIRST_NAME , LENGTH(FIRST_NAME) FROM EMPLOYEES;

FIRST_NAME      LENGTH(FIRST_NAME)                                                                                                                                                                      
--------------- ------------------                                                                                                                                                                      
Steven                           6                                                                                                                                                                      
Neena                            5                                                                                                                                                                      
Lex                              3                                                                                                                                                                      
Alexander                        9                                                                                                                                                                      
Bruce                            5                                                                                                                                                                      
Diana                            5                                                                                                                                                                      
Kevin                            5                                                                                                                                                                      
Trenna                           6                                                                                                                                                                      
Curtis                           6                                                                                                                                                                      
Randall                          7                                                                                                                                                                      
Peter                            5                                                                                                                                                                      
Eleni                            5                                                                                                                                                                      
Ellen                            5                                                                                                                                                                      
Jonathon                         8                                                                                                                                                                      
Kimerely                         8                                                                                                                                                                      
Jennifer                         8                                                                                                                                                                      
Michael                          7                                                                                                                                                                      
Pat                              3                                                                                                                                                                      
Shelley                          7                                                                                                                                                                      
William                          7                                                                                                                                                                      

20 rows selected.

SQL> SELECT SALARY , LENGTH(SALARY) FROM EMPLOYEES;

    SALARY LENGTH(SALARY)                                                                                                                                                                               
---------- --------------                                                                                                                                                                               
     24000              5                                                                                                                                                                               
     17000              5                                                                                                                                                                               
     17000              5                                                                                                                                                                               
      9000              4                                                                                                                                                                               
      6000              4                                                                                                                                                                               
      4200              4                                                                                                                                                                               
      5800              4                                                                                                                                                                               
      3500              4                                                                                                                                                                               
      3100              4                                                                                                                                                                               
      2600              4                                                                                                                                                                               
      2500              4                                                                                                                                                                               
     10500              5                                                                                                                                                                               
     11000              5                                                                                                                                                                               
      8600              4                                                                                                                                                                               
      7000              4                                                                                                                                                                               
      4400              4                                                                                                                                                                               
     13000              5                                                                                                                                                                               
      6000              4                                                                                                                                                                               
     12000              5                                                                                                                                                                               
      8300              4                                                                                                                                                                               

20 rows selected.

SQL> REM DATE DEFAULT DISPLAY FORMAT : DD-MON-RR
SQL> 
SQL> REM NLS : NATIONAL LANGUAGE SUPPORT
SQL> 
SQL> SELECT * FROM NLS_SESSION_PARAMETERS;

PARAMETER                                                                                                                                                                                               
------------------------------------------------------------------------------------------------------------------------                                                                                
VALUE                                                                                                                                                                                                   
--------------------------------------------------------------------------------------------------------------------------------------------------------------------------------------------------------
NLS_LANGUAGE                                                                                                                                                                                            
AMERICAN                                                                                                                                                                                                
                                                                                                                                                                                                        
NLS_TERRITORY                                                                                                                                                                                           
AMERICA                                                                                                                                                                                                 
                                                                                                                                                                                                        
NLS_CURRENCY                                                                                                                                                                                            
$                                                                                                                                                                                                       
                                                                                                                                                                                                        
NLS_ISO_CURRENCY                                                                                                                                                                                        
AMERICA                                                                                                                                                                                                 
                                                                                                                                                                                                        
NLS_NUMERIC_CHARACTERS                                                                                                                                                                                  
.,                                                                                                                                                                                                      
                                                                                                                                                                                                        
NLS_CALENDAR                                                                                                                                                                                            
GREGORIAN                                                                                                                                                                                               
                                                                                                                                                                                                        
NLS_DATE_FORMAT                                                                                                                                                                                         

PARAMETER                                                                                                                                                                                               
------------------------------------------------------------------------------------------------------------------------                                                                                
VALUE                                                                                                                                                                                                   
--------------------------------------------------------------------------------------------------------------------------------------------------------------------------------------------------------
DD-MON-RR                                                                                                                                                                                               
                                                                                                                                                                                                        
NLS_DATE_LANGUAGE                                                                                                                                                                                       
AMERICAN                                                                                                                                                                                                
                                                                                                                                                                                                        
NLS_SORT                                                                                                                                                                                                
BINARY                                                                                                                                                                                                  
                                                                                                                                                                                                        
NLS_TIME_FORMAT                                                                                                                                                                                         
HH.MI.SSXFF AM                                                                                                                                                                                          
                                                                                                                                                                                                        
NLS_TIMESTAMP_FORMAT                                                                                                                                                                                    
DD-MON-RR HH.MI.SSXFF AM                                                                                                                                                                                
                                                                                                                                                                                                        
NLS_TIME_TZ_FORMAT                                                                                                                                                                                      
HH.MI.SSXFF AM TZR                                                                                                                                                                                      
                                                                                                                                                                                                        
NLS_TIMESTAMP_TZ_FORMAT                                                                                                                                                                                 
DD-MON-RR HH.MI.SSXFF AM TZR                                                                                                                                                                            

PARAMETER                                                                                                                                                                                               
------------------------------------------------------------------------------------------------------------------------                                                                                
VALUE                                                                                                                                                                                                   
--------------------------------------------------------------------------------------------------------------------------------------------------------------------------------------------------------
                                                                                                                                                                                                        
NLS_DUAL_CURRENCY                                                                                                                                                                                       
$                                                                                                                                                                                                       
                                                                                                                                                                                                        
NLS_COMP                                                                                                                                                                                                
BINARY                                                                                                                                                                                                  
                                                                                                                                                                                                        
NLS_LENGTH_SEMANTICS                                                                                                                                                                                    
BYTE                                                                                                                                                                                                    
                                                                                                                                                                                                        
NLS_NCHAR_CONV_EXCP                                                                                                                                                                                     
FALSE                                                                                                                                                                                                   
                                                                                                                                                                                                        

17 rows selected.

SQL> COL PARAMETER FORMAT A30
SQL> COL VALUE FORMAT A30
SQL> 
SQL> R
  1* SELECT * FROM NLS_SESSION_PARAMETERS

PARAMETER                      VALUE                                                                                                                                                                    
------------------------------ ------------------------------                                                                                                                                           
NLS_LANGUAGE                   AMERICAN                                                                                                                                                                 
NLS_TERRITORY                  AMERICA                                                                                                                                                                  
NLS_CURRENCY                   $                                                                                                                                                                        
NLS_ISO_CURRENCY               AMERICA                                                                                                                                                                  
NLS_NUMERIC_CHARACTERS         .,                                                                                                                                                                       
NLS_CALENDAR                   GREGORIAN                                                                                                                                                                
NLS_DATE_FORMAT                DD-MON-RR                                                                                                                                                                
NLS_DATE_LANGUAGE              AMERICAN                                                                                                                                                                 
NLS_SORT                       BINARY                                                                                                                                                                   
NLS_TIME_FORMAT                HH.MI.SSXFF AM                                                                                                                                                           
NLS_TIMESTAMP_FORMAT           DD-MON-RR HH.MI.SSXFF AM                                                                                                                                                 
NLS_TIME_TZ_FORMAT             HH.MI.SSXFF AM TZR                                                                                                                                                       
NLS_TIMESTAMP_TZ_FORMAT        DD-MON-RR HH.MI.SSXFF AM TZR                                                                                                                                             
NLS_DUAL_CURRENCY              $                                                                                                                                                                        
NLS_COMP                       BINARY                                                                                                                                                                   
NLS_LENGTH_SEMANTICS           BYTE                                                                                                                                                                     
NLS_NCHAR_CONV_EXCP            FALSE                                                                                                                                                                    

17 rows selected.

SQL> SELECT HIRE_dATE , LENGTH(HIRE_dATE) FROM EMPLOYEES;

HIRE_DATE LENGTH(HIRE_DATE)                                                                                                                                                                             
--------- -----------------                                                                                                                                                                             
17-JUL-87                 9                                                                                                                                                                             
21-SEP-89                 9                                                                                                                                                                             
13-JAN-93                 9                                                                                                                                                                             
03-JAN-90                 9                                                                                                                                                                             
21-MAY-91                 9                                                                                                                                                                             
07-FEB-99                 9                                                                                                                                                                             
16-NOV-99                 9                                                                                                                                                                             
17-OCT-95                 9                                                                                                                                                                             
29-JAN-97                 9                                                                                                                                                                             
15-MAR-98                 9                                                                                                                                                                             
09-JUL-98                 9                                                                                                                                                                             
29-JAN-00                 9                                                                                                                                                                             
11-MAY-96                 9                                                                                                                                                                             
24-MAR-98                 9                                                                                                                                                                             
24-MAY-99                 9                                                                                                                                                                             
17-SEP-87                 9                                                                                                                                                                             
17-FEB-96                 9                                                                                                                                                                             
17-AUG-97                 9                                                                                                                                                                             
07-JUN-94                 9                                                                                                                                                                             
07-JUN-94                 9                                                                                                                                                                             

20 rows selected.

SQL> ALTER SESSION SET NLS_dATE_FORMAT = 'DD-MONTH-RRRR DAY';

Session altered.

SQL> SELECT HIRE_dATE , LENGTH(HIRE_dATE) FROM EMPLOYEES;

HIRE_DATE                   LENGTH(HIRE_DATE)                                                                                                                                                           
--------------------------- -----------------                                                                                                                                                           
17-JULY     -1987 FRIDAY                   27                                                                                                                                                           
21-SEPTEMBER-1989 THURSDAY                 27                                                                                                                                                           
13-JANUARY  -1993 WEDNESDAY                27                                                                                                                                                           
03-JANUARY  -1990 WEDNESDAY                27                                                                                                                                                           
21-MAY      -1991 TUESDAY                  27                                                                                                                                                           
07-FEBRUARY -1999 SUNDAY                   27                                                                                                                                                           
16-NOVEMBER -1999 TUESDAY                  27                                                                                                                                                           
17-OCTOBER  -1995 TUESDAY                  27                                                                                                                                                           
29-JANUARY  -1997 WEDNESDAY                27                                                                                                                                                           
15-MARCH    -1998 SUNDAY                   27                                                                                                                                                           
09-JULY     -1998 THURSDAY                 27                                                                                                                                                           
29-JANUARY  -2000 SATURDAY                 27                                                                                                                                                           
11-MAY      -1996 SATURDAY                 27                                                                                                                                                           
24-MARCH    -1998 TUESDAY                  27                                                                                                                                                           
24-MAY      -1999 MONDAY                   27                                                                                                                                                           
17-SEPTEMBER-1987 THURSDAY                 27                                                                                                                                                           
17-FEBRUARY -1996 SATURDAY                 27                                                                                                                                                           
17-AUGUST   -1997 SUNDAY                   27                                                                                                                                                           
07-JUNE     -1994 TUESDAY                  27                                                                                                                                                           
07-JUNE     -1994 TUESDAY                  27                                                                                                                                                           

20 rows selected.

SQL> CONN SCOTT/TIER
ERROR:
ORA-01017: invalid username/password; logon denied 


Warning: You are no longer connected to ORACLE.
SQL> CONN SCOTT/TIGER
Connected.
SQL> SELECT HIRE_dATE , LENGTH(HIRE_dATE) FROM EMPLOYEES;

HIRE_DATE LENGTH(HIRE_DATE)                                                                                                                                                                             
--------- -----------------                                                                                                                                                                             
17-JUL-87                 9                                                                                                                                                                             
21-SEP-89                 9                                                                                                                                                                             
13-JAN-93                 9                                                                                                                                                                             
03-JAN-90                 9                                                                                                                                                                             
21-MAY-91                 9                                                                                                                                                                             
07-FEB-99                 9                                                                                                                                                                             
16-NOV-99                 9                                                                                                                                                                             
17-OCT-95                 9                                                                                                                                                                             
29-JAN-97                 9                                                                                                                                                                             
15-MAR-98                 9                                                                                                                                                                             
09-JUL-98                 9                                                                                                                                                                             
29-JAN-00                 9                                                                                                                                                                             
11-MAY-96                 9                                                                                                                                                                             
24-MAR-98                 9                                                                                                                                                                             
24-MAY-99                 9                                                                                                                                                                             
17-SEP-87                 9                                                                                                                                                                             
17-FEB-96                 9                                                                                                                                                                             
17-AUG-97                 9                                                                                                                                                                             
07-JUN-94                 9                                                                                                                                                                             
07-JUN-94                 9                                                                                                                                                                             

20 rows selected.

SQL> ALTER SESSION SET NLS_dATE_FORMAT = 'DD-MONTH-RRRR DAY HH:MI';

Session altered.

SQL> SELECT HIRE_dATE , LENGTH(HIRE_dATE) FROM EMPLOYEES;

HIRE_DATE                         LENGTH(HIRE_DATE)                                                                                                                                                     
--------------------------------- -----------------                                                                                                                                                     
17-JULY     -1987 FRIDAY    12:00                33                                                                                                                                                     
21-SEPTEMBER-1989 THURSDAY  12:00                33                                                                                                                                                     
13-JANUARY  -1993 WEDNESDAY 12:00                33                                                                                                                                                     
03-JANUARY  -1990 WEDNESDAY 12:00                33                                                                                                                                                     
21-MAY      -1991 TUESDAY   12:00                33                                                                                                                                                     
07-FEBRUARY -1999 SUNDAY    12:00                33                                                                                                                                                     
16-NOVEMBER -1999 TUESDAY   12:00                33                                                                                                                                                     
17-OCTOBER  -1995 TUESDAY   12:00                33                                                                                                                                                     
29-JANUARY  -1997 WEDNESDAY 12:00                33                                                                                                                                                     
15-MARCH    -1998 SUNDAY    12:00                33                                                                                                                                                     
09-JULY     -1998 THURSDAY  12:00                33                                                                                                                                                     
29-JANUARY  -2000 SATURDAY  12:00                33                                                                                                                                                     
11-MAY      -1996 SATURDAY  12:00                33                                                                                                                                                     
24-MARCH    -1998 TUESDAY   12:00                33                                                                                                                                                     
24-MAY      -1999 MONDAY    12:00                33                                                                                                                                                     
17-SEPTEMBER-1987 THURSDAY  12:00                33                                                                                                                                                     
17-FEBRUARY -1996 SATURDAY  12:00                33                                                                                                                                                     
17-AUGUST   -1997 SUNDAY    12:00                33                                                                                                                                                     
07-JUNE     -1994 TUESDAY   12:00                33                                                                                                                                                     
07-JUNE     -1994 TUESDAY   12:00                33                                                                                                                                                     

20 rows selected.

SQL> CONN SCOTT/TIGER
Connected.
SQL> REM TRANSLATE : IT IS USED TO DELETE OR FIND & REPLACE CHARACTER BY CHARACTER
SQL> 
SQL> SELECT HIRE_DATE , TRANSLATE(HIRE_DATE,'JAN','jan') FROM EMPLOYEES;

HIRE_DATE TRANSLATE(HIRE_DATE,'JAN','JAN')                                                                                                                                                              
--------- ------------------------------------------------------------------------                                                                                                                      
17-JUL-87 17-jUL-87                                                                                                                                                                                     
21-SEP-89 21-SEP-89                                                                                                                                                                                     
13-JAN-93 13-jan-93                                                                                                                                                                                     
03-JAN-90 03-jan-90                                                                                                                                                                                     
21-MAY-91 21-MaY-91                                                                                                                                                                                     
07-FEB-99 07-FEB-99                                                                                                                                                                                     
16-NOV-99 16-nOV-99                                                                                                                                                                                     
17-OCT-95 17-OCT-95                                                                                                                                                                                     
29-JAN-97 29-jan-97                                                                                                                                                                                     
15-MAR-98 15-MaR-98                                                                                                                                                                                     
09-JUL-98 09-jUL-98                                                                                                                                                                                     
29-JAN-00 29-jan-00                                                                                                                                                                                     
11-MAY-96 11-MaY-96                                                                                                                                                                                     
24-MAR-98 24-MaR-98                                                                                                                                                                                     
24-MAY-99 24-MaY-99                                                                                                                                                                                     
17-SEP-87 17-SEP-87                                                                                                                                                                                     
17-FEB-96 17-FEB-96                                                                                                                                                                                     
17-AUG-97 17-aUG-97                                                                                                                                                                                     
07-JUN-94 07-jUn-94                                                                                                                                                                                     
07-JUN-94 07-jUn-94                                                                                                                                                                                     

20 rows selected.

SQL> SELECT HIRE_DATE , TRANSLATE(HIRE_DATE,'JANUARY','jan') FROM EMPLOYEES;

HIRE_DATE TRANSLATE(HIRE_DATE,'JANUARY','JAN')                                                                                                                                                          
--------- ------------------------------------------------------------------------                                                                                                                      
17-JUL-87 17-jL-87                                                                                                                                                                                      
21-SEP-89 21-SEP-89                                                                                                                                                                                     
13-JAN-93 13-jan-93                                                                                                                                                                                     
03-JAN-90 03-jan-90                                                                                                                                                                                     
21-MAY-91 21-Ma-91                                                                                                                                                                                      
07-FEB-99 07-FEB-99                                                                                                                                                                                     
16-NOV-99 16-nOV-99                                                                                                                                                                                     
17-OCT-95 17-OCT-95                                                                                                                                                                                     
29-JAN-97 29-jan-97                                                                                                                                                                                     
15-MAR-98 15-Ma-98                                                                                                                                                                                      
09-JUL-98 09-jL-98                                                                                                                                                                                      
29-JAN-00 29-jan-00                                                                                                                                                                                     
11-MAY-96 11-Ma-96                                                                                                                                                                                      
24-MAR-98 24-Ma-98                                                                                                                                                                                      
24-MAY-99 24-Ma-99                                                                                                                                                                                      
17-SEP-87 17-SEP-87                                                                                                                                                                                     
17-FEB-96 17-FEB-96                                                                                                                                                                                     
17-AUG-97 17-aG-97                                                                                                                                                                                      
07-JUN-94 07-jn-94                                                                                                                                                                                      
07-JUN-94 07-jn-94                                                                                                                                                                                      

20 rows selected.

SQL> SELECT HIRE_DATE , TRANSLATE(HIRE_DATE,'JANUaRY','jan') FROM EMPLOYEES;

HIRE_DATE TRANSLATE(HIRE_DATE,'JANUARY','JAN')                                                                                                                                                          
--------- ------------------------------------------------------------------------                                                                                                                      
17-JUL-87 17-jL-87                                                                                                                                                                                      
21-SEP-89 21-SEP-89                                                                                                                                                                                     
13-JAN-93 13-jan-93                                                                                                                                                                                     
03-JAN-90 03-jan-90                                                                                                                                                                                     
21-MAY-91 21-Ma-91                                                                                                                                                                                      
07-FEB-99 07-FEB-99                                                                                                                                                                                     
16-NOV-99 16-nOV-99                                                                                                                                                                                     
17-OCT-95 17-OCT-95                                                                                                                                                                                     
29-JAN-97 29-jan-97                                                                                                                                                                                     
15-MAR-98 15-Ma-98                                                                                                                                                                                      
09-JUL-98 09-jL-98                                                                                                                                                                                      
29-JAN-00 29-jan-00                                                                                                                                                                                     
11-MAY-96 11-Ma-96                                                                                                                                                                                      
24-MAR-98 24-Ma-98                                                                                                                                                                                      
24-MAY-99 24-Ma-99                                                                                                                                                                                      
17-SEP-87 17-SEP-87                                                                                                                                                                                     
17-FEB-96 17-FEB-96                                                                                                                                                                                     
17-AUG-97 17-aG-97                                                                                                                                                                                      
07-JUN-94 07-jn-94                                                                                                                                                                                      
07-JUN-94 07-jn-94                                                                                                                                                                                      

20 rows selected.

SQL> SELECT HIRE_DATE , TRANSLATE(HIRE_DATE,'JAN','january') FROM EMPLOYEES;

HIRE_DATE TRANSLATE(HIRE_DATE,'JAN','JANUARY')                                                                                                                                                          
--------- ------------------------------------------------------------------------                                                                                                                      
17-JUL-87 17-jUL-87                                                                                                                                                                                     
21-SEP-89 21-SEP-89                                                                                                                                                                                     
13-JAN-93 13-jan-93                                                                                                                                                                                     
03-JAN-90 03-jan-90                                                                                                                                                                                     
21-MAY-91 21-MaY-91                                                                                                                                                                                     
07-FEB-99 07-FEB-99                                                                                                                                                                                     
16-NOV-99 16-nOV-99                                                                                                                                                                                     
17-OCT-95 17-OCT-95                                                                                                                                                                                     
29-JAN-97 29-jan-97                                                                                                                                                                                     
15-MAR-98 15-MaR-98                                                                                                                                                                                     
09-JUL-98 09-jUL-98                                                                                                                                                                                     
29-JAN-00 29-jan-00                                                                                                                                                                                     
11-MAY-96 11-MaY-96                                                                                                                                                                                     
24-MAR-98 24-MaR-98                                                                                                                                                                                     
24-MAY-99 24-MaY-99                                                                                                                                                                                     
17-SEP-87 17-SEP-87                                                                                                                                                                                     
17-FEB-96 17-FEB-96                                                                                                                                                                                     
17-AUG-97 17-aUG-97                                                                                                                                                                                     
07-JUN-94 07-jUn-94                                                                                                                                                                                     
07-JUN-94 07-jUn-94                                                                                                                                                                                     

20 rows selected.

SQL> SELECT HIRE_DATE , TRANSLATE(HIRE_DATE,'0123456789-','') FROM EMPLOYEES;

HIRE_DATE TRANSLATE(HIRE_DATE,'0123456789-','')                                                                                                                                                         
--------- ------------------------------------------------------------------------                                                                                                                      
17-JUL-87                                                                                                                                                                                               
21-SEP-89                                                                                                                                                                                               
13-JAN-93                                                                                                                                                                                               
03-JAN-90                                                                                                                                                                                               
21-MAY-91                                                                                                                                                                                               
07-FEB-99                                                                                                                                                                                               
16-NOV-99                                                                                                                                                                                               
17-OCT-95                                                                                                                                                                                               
29-JAN-97                                                                                                                                                                                               
15-MAR-98                                                                                                                                                                                               
09-JUL-98                                                                                                                                                                                               
29-JAN-00                                                                                                                                                                                               
11-MAY-96                                                                                                                                                                                               
24-MAR-98                                                                                                                                                                                               
24-MAY-99                                                                                                                                                                                               
17-SEP-87                                                                                                                                                                                               
17-FEB-96                                                                                                                                                                                               
17-AUG-97                                                                                                                                                                                               
07-JUN-94                                                                                                                                                                                               
07-JUN-94                                                                                                                                                                                               

20 rows selected.

SQL> SELECT HIRE_DATE , TRANSLATE(HIRE_DATE,'0123456789-') FROM EMPLOYEES;
SELECT HIRE_DATE , TRANSLATE(HIRE_DATE,'0123456789-') FROM EMPLOYEES
                   *
ERROR at line 1:
ORA-00909: invalid number of arguments 


SQL> SELECT HIRE_DATE , TRANSLATE(HIRE_DATE,' 0123456789-',' ') FROM EMPLOYEES;

HIRE_DATE TRANSLATE(HIRE_DATE,'0123456789-','')                                                                                                                                                         
--------- ------------------------------------------------------------------------                                                                                                                      
17-JUL-87 JUL                                                                                                                                                                                           
21-SEP-89 SEP                                                                                                                                                                                           
13-JAN-93 JAN                                                                                                                                                                                           
03-JAN-90 JAN                                                                                                                                                                                           
21-MAY-91 MAY                                                                                                                                                                                           
07-FEB-99 FEB                                                                                                                                                                                           
16-NOV-99 NOV                                                                                                                                                                                           
17-OCT-95 OCT                                                                                                                                                                                           
29-JAN-97 JAN                                                                                                                                                                                           
15-MAR-98 MAR                                                                                                                                                                                           
09-JUL-98 JUL                                                                                                                                                                                           
29-JAN-00 JAN                                                                                                                                                                                           
11-MAY-96 MAY                                                                                                                                                                                           
24-MAR-98 MAR                                                                                                                                                                                           
24-MAY-99 MAY                                                                                                                                                                                           
17-SEP-87 SEP                                                                                                                                                                                           
17-FEB-96 FEB                                                                                                                                                                                           
17-AUG-97 AUG                                                                                                                                                                                           
07-JUN-94 JUN                                                                                                                                                                                           
07-JUN-94 JUN                                                                                                                                                                                           

20 rows selected.

SQL> REM REPLACE : IT IS USED TO DELETE OR FIND & REPLACE WORD BY WORD
SQL> 
SQL> SELECT HIRE_DATE , REPLACE(HIRE_DATE,'JAN','jan') FROM EMPLOYEES;

HIRE_DATE REPLACE(HIRE_DATE,'JAN','JAN')                                                                                                                                                                
--------- ------------------------------------------------------                                                                                                                                        
17-JUL-87 17-JUL-87                                                                                                                                                                                     
21-SEP-89 21-SEP-89                                                                                                                                                                                     
13-JAN-93 13-jan-93                                                                                                                                                                                     
03-JAN-90 03-jan-90                                                                                                                                                                                     
21-MAY-91 21-MAY-91                                                                                                                                                                                     
07-FEB-99 07-FEB-99                                                                                                                                                                                     
16-NOV-99 16-NOV-99                                                                                                                                                                                     
17-OCT-95 17-OCT-95                                                                                                                                                                                     
29-JAN-97 29-jan-97                                                                                                                                                                                     
15-MAR-98 15-MAR-98                                                                                                                                                                                     
09-JUL-98 09-JUL-98                                                                                                                                                                                     
29-JAN-00 29-jan-00                                                                                                                                                                                     
11-MAY-96 11-MAY-96                                                                                                                                                                                     
24-MAR-98 24-MAR-98                                                                                                                                                                                     
24-MAY-99 24-MAY-99                                                                                                                                                                                     
17-SEP-87 17-SEP-87                                                                                                                                                                                     
17-FEB-96 17-FEB-96                                                                                                                                                                                     
17-AUG-97 17-AUG-97                                                                                                                                                                                     
07-JUN-94 07-JUN-94                                                                                                                                                                                     
07-JUN-94 07-JUN-94                                                                                                                                                                                     

20 rows selected.

SQL> SELECT HIRE_DATE , REPLACE(HIRE_DATE,'JAN','january') FROM EMPLOYEES;

HIRE_DATE REPLACE(HIRE_DATE,'JAN','JANUARY')                                                                                                                                                            
--------- ------------------------------------------------------------------------------------------------------------------------------                                                                
17-JUL-87 17-JUL-87                                                                                                                                                                                     
21-SEP-89 21-SEP-89                                                                                                                                                                                     
13-JAN-93 13-january-93                                                                                                                                                                                 
03-JAN-90 03-january-90                                                                                                                                                                                 
21-MAY-91 21-MAY-91                                                                                                                                                                                     
07-FEB-99 07-FEB-99                                                                                                                                                                                     
16-NOV-99 16-NOV-99                                                                                                                                                                                     
17-OCT-95 17-OCT-95                                                                                                                                                                                     
29-JAN-97 29-january-97                                                                                                                                                                                 
15-MAR-98 15-MAR-98                                                                                                                                                                                     
09-JUL-98 09-JUL-98                                                                                                                                                                                     
29-JAN-00 29-january-00                                                                                                                                                                                 
11-MAY-96 11-MAY-96                                                                                                                                                                                     
24-MAR-98 24-MAR-98                                                                                                                                                                                     
24-MAY-99 24-MAY-99                                                                                                                                                                                     
17-SEP-87 17-SEP-87                                                                                                                                                                                     
17-FEB-96 17-FEB-96                                                                                                                                                                                     
17-AUG-97 17-AUG-97                                                                                                                                                                                     
07-JUN-94 07-JUN-94                                                                                                                                                                                     
07-JUN-94 07-JUN-94                                                                                                                                                                                     

20 rows selected.

SQL> SELECT HIRE_DATE , REPLACE(HIRE_DATE,'JANUARY','jan') FROM EMPLOYEES;

HIRE_DATE REPLACE(HIRE_DATE,'JANUARY','JAN')                                                                                                                                                            
--------- ------------------------------------------------------                                                                                                                                        
17-JUL-87 17-JUL-87                                                                                                                                                                                     
21-SEP-89 21-SEP-89                                                                                                                                                                                     
13-JAN-93 13-JAN-93                                                                                                                                                                                     
03-JAN-90 03-JAN-90                                                                                                                                                                                     
21-MAY-91 21-MAY-91                                                                                                                                                                                     
07-FEB-99 07-FEB-99                                                                                                                                                                                     
16-NOV-99 16-NOV-99                                                                                                                                                                                     
17-OCT-95 17-OCT-95                                                                                                                                                                                     
29-JAN-97 29-JAN-97                                                                                                                                                                                     
15-MAR-98 15-MAR-98                                                                                                                                                                                     
09-JUL-98 09-JUL-98                                                                                                                                                                                     
29-JAN-00 29-JAN-00                                                                                                                                                                                     
11-MAY-96 11-MAY-96                                                                                                                                                                                     
24-MAR-98 24-MAR-98                                                                                                                                                                                     
24-MAY-99 24-MAY-99                                                                                                                                                                                     
17-SEP-87 17-SEP-87                                                                                                                                                                                     
17-FEB-96 17-FEB-96                                                                                                                                                                                     
17-AUG-97 17-AUG-97                                                                                                                                                                                     
07-JUN-94 07-JUN-94                                                                                                                                                                                     
07-JUN-94 07-JUN-94                                                                                                                                                                                     

20 rows selected.

SQL> SELECT HIRE_DATE , REPLACE(HIRE_DATE,'JAN') FROM EMPLOYEES;

HIRE_DATE REPLACE(HIRE_DATE,                                                                                                                                                                            
--------- ------------------                                                                                                                                                                            
17-JUL-87 17-JUL-87                                                                                                                                                                                     
21-SEP-89 21-SEP-89                                                                                                                                                                                     
13-JAN-93 13--93                                                                                                                                                                                        
03-JAN-90 03--90                                                                                                                                                                                        
21-MAY-91 21-MAY-91                                                                                                                                                                                     
07-FEB-99 07-FEB-99                                                                                                                                                                                     
16-NOV-99 16-NOV-99                                                                                                                                                                                     
17-OCT-95 17-OCT-95                                                                                                                                                                                     
29-JAN-97 29--97                                                                                                                                                                                        
15-MAR-98 15-MAR-98                                                                                                                                                                                     
09-JUL-98 09-JUL-98                                                                                                                                                                                     
29-JAN-00 29--00                                                                                                                                                                                        
11-MAY-96 11-MAY-96                                                                                                                                                                                     
24-MAR-98 24-MAR-98                                                                                                                                                                                     
24-MAY-99 24-MAY-99                                                                                                                                                                                     
17-SEP-87 17-SEP-87                                                                                                                                                                                     
17-FEB-96 17-FEB-96                                                                                                                                                                                     
17-AUG-97 17-AUG-97                                                                                                                                                                                     
07-JUN-94 07-JUN-94                                                                                                                                                                                     
07-JUN-94 07-JUN-94                                                                                                                                                                                     

20 rows selected.

SQL> SELECT TRANSLATE('ORACLE','O','MI') FROM DUAL;

TRANSL                                                                                                                                                                                                  
------                                                                                                                                                                                                  
MRACLE                                                                                                                                                                                                  

SQL> SELECT REPLACE('ORACLE','O','MI') FROM DUAL;

REPLACE                                                                                                                                                                                                 
-------                                                                                                                                                                                                 
MIRACLE                                                                                                                                                                                                 

SQL> SELECT HIRE_DATE , REPLACE(HIRE_DATE,'-ABCDEFGHIJKLMNOPQRSTUVWXYZ') FROM EMPLOYEES;

HIRE_DATE REPLACE(HIRE_DATE,                                                                                                                                                                            
--------- ------------------                                                                                                                                                                            
17-JUL-87 17-JUL-87                                                                                                                                                                                     
21-SEP-89 21-SEP-89                                                                                                                                                                                     
13-JAN-93 13-JAN-93                                                                                                                                                                                     
03-JAN-90 03-JAN-90                                                                                                                                                                                     
21-MAY-91 21-MAY-91                                                                                                                                                                                     
07-FEB-99 07-FEB-99                                                                                                                                                                                     
16-NOV-99 16-NOV-99                                                                                                                                                                                     
17-OCT-95 17-OCT-95                                                                                                                                                                                     
29-JAN-97 29-JAN-97                                                                                                                                                                                     
15-MAR-98 15-MAR-98                                                                                                                                                                                     
09-JUL-98 09-JUL-98                                                                                                                                                                                     
29-JAN-00 29-JAN-00                                                                                                                                                                                     
11-MAY-96 11-MAY-96                                                                                                                                                                                     
24-MAR-98 24-MAR-98                                                                                                                                                                                     
24-MAY-99 24-MAY-99                                                                                                                                                                                     
17-SEP-87 17-SEP-87                                                                                                                                                                                     
17-FEB-96 17-FEB-96                                                                                                                                                                                     
17-AUG-97 17-AUG-97                                                                                                                                                                                     
07-JUN-94 07-JUN-94                                                                                                                                                                                     
07-JUN-94 07-JUN-94                                                                                                                                                                                     

20 rows selected.

SQL> SELECT HIRE_DATE , TRANSLATE(HIRE_DATE,'-ABCDEFGHIJKLMNOPQRSTUVWXYZ') FROM EMPLOYEES;
SELECT HIRE_DATE , TRANSLATE(HIRE_DATE,'-ABCDEFGHIJKLMNOPQRSTUVWXYZ') FROM EMPLOYEES
                   *
ERROR at line 1:
ORA-00909: invalid number of arguments 


SQL> SELECT HIRE_DATE , TRANSLATE(HIRE_DATE,' -ABCDEFGHIJKLMNOPQRSTUVWXYZ',' ') FROM EMPLOYEES;

HIRE_DATE TRANSLATE(HIRE_DATE,'-ABCDEFGHIJKLMNOPQRSTUVWXYZ','')                                                                                                                                         
--------- ------------------------------------------------------------------------                                                                                                                      
17-JUL-87 1787                                                                                                                                                                                          
21-SEP-89 2189                                                                                                                                                                                          
13-JAN-93 1393                                                                                                                                                                                          
03-JAN-90 0390                                                                                                                                                                                          
21-MAY-91 2191                                                                                                                                                                                          
07-FEB-99 0799                                                                                                                                                                                          
16-NOV-99 1699                                                                                                                                                                                          
17-OCT-95 1795                                                                                                                                                                                          
29-JAN-97 2997                                                                                                                                                                                          
15-MAR-98 1598                                                                                                                                                                                          
09-JUL-98 0998                                                                                                                                                                                          
29-JAN-00 2900                                                                                                                                                                                          
11-MAY-96 1196                                                                                                                                                                                          
24-MAR-98 2498                                                                                                                                                                                          
24-MAY-99 2499                                                                                                                                                                                          
17-SEP-87 1787                                                                                                                                                                                          
17-FEB-96 1796                                                                                                                                                                                          
17-AUG-97 1797                                                                                                                                                                                          
07-JUN-94 0794                                                                                                                                                                                          
07-JUN-94 0794                                                                                                                                                                                          

20 rows selected.

SQL> REM SUBSTR : TO SEPARATE PART OF VALUE FROM LEFT, RIGHT OR MIDDLE
SQL> 
SQL> SELECT SUBSTR('LaxmanShivRamKrishnan',7,4) FROM DUAL;

SUBS                                                                                                                                                                                                    
----                                                                                                                                                                                                    
Shiv                                                                                                                                                                                                    

SQL> SELECT SUBSTR('LaxmanShivRamKrishnan',11,3) FROM DUAL;

SUB                                                                                                                                                                                                     
---                                                                                                                                                                                                     
Ram                                                                                                                                                                                                     

SQL> SELECT SUBSTR('LaxmanShivRamKrishnan',1,6) FROM DUAL;

SUBSTR                                                                                                                                                                                                  
------                                                                                                                                                                                                  
Laxman                                                                                                                                                                                                  

SQL> SELECT SUBSTR('LaxmanShivRamKrishnan',14,8) FROM DUAL;

SUBSTR('                                                                                                                                                                                                
--------                                                                                                                                                                                                
Krishnan                                                                                                                                                                                                

SQL> SELECT SUBSTR('LaxmanShivRamKrishnan',14) FROM DUAL;

SUBSTR('                                                                                                                                                                                                
--------                                                                                                                                                                                                
Krishnan                                                                                                                                                                                                

SQL> SELECT SUBSTR('LaxmanShivRamKrishnan',11) FROM DUAL;

SUBSTR('LAX                                                                                                                                                                                             
-----------                                                                                                                                                                                             
RamKrishnan                                                                                                                                                                                             

SQL> SELECT SUBSTR('LaxmanShivRamKrishnan',14,7) FROM DUAL;

SUBSTR(                                                                                                                                                                                                 
-------                                                                                                                                                                                                 
Krishna                                                                                                                                                                                                 

SQL> SELECT SUBSTR('LaxmanShivRamKrishnan',-8) FROM DUAL;

SUBSTR('                                                                                                                                                                                                
--------                                                                                                                                                                                                
Krishnan                                                                                                                                                                                                

SQL> SELECT SUBSTR('LaxmanShivRamKrishnan',-15,7) FROM DUAL;

SUBSTR(                                                                                                                                                                                                 
-------                                                                                                                                                                                                 
ShivRam                                                                                                                                                                                                 

SQL> REM INSTR : TO FIND POSITION OF CHARACTER/STRING WITHING ANOTHER STRING
SQL> 
SQL> SELECT INSTR('NEELKAMAL','L') FROM DUAL;

INSTR('NEELKAMAL','L')                                                                                                                                                                                  
----------------------                                                                                                                                                                                  
                     4                                                                                                                                                                                  

SQL> SELECT INSTR('NEELKAMAL','L',6) FROM DUAL;

INSTR('NEELKAMAL','L',6)                                                                                                                                                                                
------------------------                                                                                                                                                                                
                       9                                                                                                                                                                                

SQL> SELECT INSTR('NEELKAMAL','X') FROM DUAL;

INSTR('NEELKAMAL','X')                                                                                                                                                                                  
----------------------                                                                                                                                                                                  
                     0                                                                                                                                                                                  

SQL> SELECT INSTR('NEELKAMAL','KA') FROM DUAL;

INSTR('NEELKAMAL','KA')                                                                                                                                                                                 
-----------------------                                                                                                                                                                                 
                      5                                                                                                                                                                                 

SQL> SELECT INSTR('NEELKAMAL','KE') FROM DUAL;

INSTR('NEELKAMAL','KE')                                                                                                                                                                                 
-----------------------                                                                                                                                                                                 
                      0                                                                                                                                                                                 

SQL> SELECT INSTR('NEELKAMAL','L',-1) FROM DUAL;

INSTR('NEELKAMAL','L',-1)                                                                                                                                                                               
-------------------------                                                                                                                                                                               
                        9                                                                                                                                                                               

SQL> SELECT INSTR('NEELKAMAL','L',-2) FROM DUAL;

INSTR('NEELKAMAL','L',-2)                                                                                                                                                                               
-------------------------                                                                                                                                                                               
                        4                                                                                                                                                                               

SQL> SELECT INSTR('NEELKAMAL','L',3,2) FROM DUAL;

INSTR('NEELKAMAL','L',3,2)                                                                                                                                                                              
--------------------------                                                                                                                                                                              
                         9                                                                                                                                                                              

SQL> SELECT INSTR('NEELKAMAL','K',3,2) FROM DUAL;

INSTR('NEELKAMAL','K',3,2)                                                                                                                                                                              
--------------------------                                                                                                                                                                              
                         0                                                                                                                                                                              

SQL> SELECT INSTR('NEELKAMAL','L',2,3) FROM DUAL;

INSTR('NEELKAMAL','L',2,3)                                                                                                                                                                              
--------------------------                                                                                                                                                                              
                         0                                                                                                                                                                              

SQL> SELECT INSTR('NEELKAMAL','A') FROM DUAL;

INSTR('NEELKAMAL','A')                                                                                                                                                                                  
----------------------                                                                                                                                                                                  
                     6                                                                                                                                                                                  

SQL> SELECT INSTR('NEELKAMAL','A',4) FROM DUAL;

INSTR('NEELKAMAL','A',4)                                                                                                                                                                                
------------------------                                                                                                                                                                                
                       6                                                                                                                                                                                

SQL> SELECT INSTR('NEELKAMAL','A',7) FROM DUAL;

INSTR('NEELKAMAL','A',7)                                                                                                                                                                                
------------------------                                                                                                                                                                                
                       8                                                                                                                                                                                

SQL> SELECT INSTR('NEELKAMAL','A',9) FROM DUAL;

INSTR('NEELKAMAL','A',9)                                                                                                                                                                                
------------------------                                                                                                                                                                                
                       0                                                                                                                                                                                

SQL> SELECT INSTR('NEELKAMAL','A',8) FROM DUAL;

INSTR('NEELKAMAL','A',8)                                                                                                                                                                                
------------------------                                                                                                                                                                                
                       8                                                                                                                                                                                

SQL> SELECT INSTR('NEELKAMAL','A',5,2) FROM DUAL;

INSTR('NEELKAMAL','A',5,2)                                                                                                                                                                              
--------------------------                                                                                                                                                                              
                         8                                                                                                                                                                              

SQL> SELECT INSTR('NEELKAMAL','A',-1,2) FROM DUAL;

INSTR('NEELKAMAL','A',-1,2)                                                                                                                                                                             
---------------------------                                                                                                                                                                             
                          6                                                                                                                                                                             

SQL> SELECT INSTR('NEELKAMAL','A',-2,2) FROM DUAL;

INSTR('NEELKAMAL','A',-2,2)                                                                                                                                                                             
---------------------------                                                                                                                                                                             
                          6                                                                                                                                                                             

SQL> SELECT INSTR('NEELKAMAL','A',-3,2) FROM DUAL;

INSTR('NEELKAMAL','A',-3,2)                                                                                                                                                                             
---------------------------                                                                                                                                                                             
                          0                                                                                                                                                                             

SQL> SPOOL OFF
